Microchip MPLAB XC8 Compiler V1.36 ()

Linker command line:

-W-3 --edf=C:\Program Files (x86)\Microchip\xc8\v1.36\dat\en_msgs.txt -cs \
  -h+dist/default/production\Contador_0_a_9999.X.production.sym \
  --cmf=dist/default/production\Contador_0_a_9999.X.production.cmf -z \
  -Q18F46K22 -oC:\Users\JOSE__~1\AppData\Local\Temp\s3hk.2 \
  -Mdist/default/production/Contador_0_a_9999.X.production.map -E1 -ver=XC8 \
  -ASTACK=074h-0f37h -pstack=STACK -ACODE=00h-0FFFFh -ACONST=00h-0FFFFh \
  -ASMALLCONST=01000h-010FFhx240 -AMEDIUMCONST=01000h-0FFFFh \
  -ACOMRAM=01h-05Fh -AABS1=00h-0F37h -ABIGRAM=01h-0F37h \
  -ARAM=060h-0FFh,0100h-01FFhx14,0F00h-0F37h -ABANK0=060h-0FFh \
  -ABANK1=0100h-01FFh -ABANK2=0200h-02FFh -ABANK3=0300h-03FFh \
  -ABANK4=0400h-04FFh -ABANK5=0500h-05FFh -ABANK6=0600h-06FFh \
  -ABANK7=0700h-07FFh -ABANK8=0800h-08FFh -ABANK9=0900h-09FFh \
  -ABANK10=0A00h-0AFFh -ABANK11=0B00h-0BFFh -ABANK12=0C00h-0CFFh \
  -ABANK13=0D00h-0DFFh -ABANK14=0E00h-0EFFh -ABANK15=0F00h-0F37h \
  -ASFR=0F38h-0F5Fh,0F60h-0FFFh \
  -preset_vec=00h,intcode=08h,intcodelo,powerup,init,end_init \
  -pramtop=01000h -psmallconst=SMALLCONST -pmediumconst=MEDIUMCONST \
  -pconst=CONST -AFARRAM=00h-00h -ACONFIG=0300000h-030000Dh -pconfig=CONFIG \
  -AIDLOC=0200000h-0200007h -pidloc=IDLOC -AEEDATA=0F00000h-0F003FFh \
  -peeprom_data=EEDATA \
  -prdata=COMRAM,nvrram=COMRAM,nvbit=COMRAM,rbss=COMRAM,rbit=COMRAM \
  -pfarbss=FARRAM,fardata=FARRAM,nvFARRAM=FARRAM \
  -pintsave_regs=BIGRAM,bigbss=BIGRAM,bigdata=BIGRAM -pbss=RAM \
  -pidata=CODE,irdata=CODE,ibigdata=CODE,ifardata=CODE -prparam=COMRAM \
  C:\Users\JOSE__~1\AppData\Local\Temp\s3hk.obj \
  dist/default/production\Contador_0_a_9999.X.production.obj 

Object code version is 3.11

Machine type is 18F46K22

Call graph: (short form)




                Name                               Link     Load   Length Selector   Space Scale
C:\Users\JOSE__~1\AppData\Local\Temp\s3hk.obj
                end_init                             9C       9C        4        4       0
                reset_vec                             0        0        4        0       0
                idloc                            200000   200000        8   200000       0
                config                           300000   300000        E   300000       0
dist/default/production\Contador_0_a_9999.X.production.obj
                intcode                               8        8       94        4       0
                temp                                 4C       4C        1        1       1
                smallconst                         1000     1000       3A      800       0
                text17                             16CC     16CC       18      81D       0
                text16                             171E     171E       12      81D       0
                text15                             13D4     13D4       A8      81D       0
                text14                             16F8     16F8       14      81D       0
                text12                             147C     147C       82      81D       0
                text11                             1568     1568       66      81D       0
                text10                             163A     163A       26      81D       0
                text9                              1660     1660       1E      81D       0
                text8                              103A     103A      276      81D       0
                text7                              12B0     12B0      124      81D       0
                text6                              16B4     16B4       18      81D       0
                text5                              160C     160C       2E      81D       0
                text4                              15CE     15CE       3E      81D       0
                text3                              170C     170C       12      81D       0
                text2                              16E4     16E4       14      81D       0
                text1                              167E     167E       1C      81D       0
                text0                              14FE     14FE       6A      81D       0
                cstackCOMRAM                          1        1       4B        1       1
                cstackBANK0                          6F       6F        5       60       1
                bssBANK0                             60       60        F       60       1
                cinit                              169A     169A       1A      81D       0

TOTAL           Name                               Link     Load   Length     Space
        CLASS   STACK          

        CLASS   CODE           
                end_init                             9C       9C        4         0
                intcode                               8        8       94         0
                reset_vec                             0        0        4         0
                text17                             16CC     16CC       18         0
                text16                             171E     171E       12         0
                text15                             13D4     13D4       A8         0
                text14                             16F8     16F8       14         0
                text12                             147C     147C       82         0
                text11                             1568     1568       66         0
                text10                             163A     163A       26         0
                text9                              1660     1660       1E         0
                text8                              103A     103A      276         0
                text7                              12B0     12B0      124         0
                text6                              16B4     16B4       18         0
                text5                              160C     160C       2E         0
                text4                              15CE     15CE       3E         0
                text3                              170C     170C       12         0
                text2                              16E4     16E4       14         0
                text1                              167E     167E       1C         0
                text0                              14FE     14FE       6A         0
                cinit                              169A     169A       1A         0

        CLASS   CONST          

        CLASS   SMALLCONST     
                smallconst                         1000     1000       3A         0

        CLASS   MEDIUMCONST    

        CLASS   COMRAM         
                temp                                 4C       4C        1         1
                cstackCOMRAM                          1        1       4B         1

        CLASS   ABS1           

        CLASS   BIGRAM         

        CLASS   RAM            

        CLASS   BANK0          
                cstackBANK0                          6F       6F        5         1
                bssBANK0                             60       60        F         1

        CLASS   BANK1          

        CLASS   BANK2          

        CLASS   BANK3          

        CLASS   BANK4          

        CLASS   BANK5          

        CLASS   BANK6          

        CLASS   BANK7          

        CLASS   BANK8          

        CLASS   BANK9          

        CLASS   BANK10         

        CLASS   BANK11         

        CLASS   BANK12         

        CLASS   BANK13         

        CLASS   BANK14         

        CLASS   BANK15         

        CLASS   SFR            

        CLASS   FARRAM         

        CLASS   CONFIG         
                config                           300000   300000        E         0

        CLASS   IDLOC          
                idloc                            200000   200000        8         0

        CLASS   EEDATA         



SEGMENTS        Name                           Load    Length   Top    Selector   Space  Class

                reset_vec                      000000  000004  000004         0       0  CODE    
                cstackCOMRAM                   000001  00004C  00004D         1       1  COMRAM  
                intcode                        000008  000098  0000A0         4       0  CODE    
                bssBANK0                       000060  000014  000074        60       1  BANK0   
                smallconst                     001000  00003A  00103A       800       0  SMALLCON
                text8                          00103A  0006F6  001730       81D       0  CODE    
                idloc                          200000  000008  200008    200000       0  IDLOC   
                config                         300000  00000E  30000E    300000       0  CONFIG  


UNUSED ADDRESS RANGES

        Name                Unused          Largest block    Delta
        BANK0            000074-0000FF               8C
        BANK1            000100-0001FF              100
        BANK10           000A00-000AFF              100
        BANK11           000B00-000BFF              100
        BANK12           000C00-000CFF              100
        BANK13           000D00-000DFF              100
        BANK14           000E00-000EFF              100
        BANK15           000F00-000F37               38
        BANK2            000200-0002FF              100
        BANK3            000300-0003FF              100
        BANK4            000400-0004FF              100
        BANK5            000500-0005FF              100
        BANK6            000600-0006FF              100
        BANK7            000700-0007FF              100
        BANK8            000800-0008FF              100
        BANK9            000900-0009FF              100
        BIGRAM           00004D-00005F               13
                         000074-000F37              EC4
        CODE             000004-000007                4
                         0000A0-000FFF              F60
                         001730-00FFFF             E8D0
        COMRAM           00004D-00005F               13
        CONST            000004-000007                4
                         0000A0-000FFF              F60
                         001730-00FFFF             E8D0
        EEDATA           F00000-F003FF              400
        MEDIUMCONST      001730-00FFFF             E8D0
        RAM              000074-000F37              100
        SFR              000F38-000FFF               28
        SMALLCONST       001730-00FFFF              100
        STACK            000074-000F37              EC4

                                  Symbol Table

?___lldiv                             cstackCOMRAM 000012
?___llmod                             cstackCOMRAM 00001F
?___wmul                              cstackCOMRAM 000012
?_sprintf                             cstackCOMRAM 000028
Display_ExibeNumero@Contagem          cstackCOMRAM 000045
Display_ExibeNumero@Numero            cstackCOMRAM 000040
Display_ExibeNumero@i                 cstackCOMRAM 00004B
Display_LigaDigito@Digito             cstackCOMRAM 000002
Display_LigaDigito@Valor              cstackCOMRAM 000003
Latch_EscreveValor@Valor              cstackCOMRAM 000012
Latch_Inicializacao@Valor             cstackCOMRAM 000013
Timer0_Recarga@ValorDeCarga           cstackCOMRAM 000012
_ANSELA                               (abs)        000F38
_ANSELB                               (abs)        000F39
_ANSELDbits                           (abs)        000F3B
_Contador                             bssBANK0     000069
_Converte_Bcd_7seg                    smallconst   001029
_Display_ExecutaVarredura             text15       0013D4
_Display_ExibeNumero                  text7        0012B0
_Display_InicializaVarredura          text4        0015CE
_Display_LigaDigito                   text16       00171E
_INTCONbits                           (abs)        000FF2
_Interrupt_High                       intcode      000008
_LATB                                 (abs)        000F8A
_LATDbits                             (abs)        000F8C
_Latch_EscreveValor                   text6        0016B4
_Latch_Inicializacao                  text5        00160C
_OSCCON2bits                          (abs)        000FD2
_OSCCONbits                           (abs)        000FD3
_OSCTUNEbits                          (abs)        000F9B
_Oscilador_Inicializacao              text3        00170C
_T0CON                                (abs)        000FD5
_T0CONbits                            (abs)        000FD5
_TMR0H                                (abs)        000FD7
_TMR0L                                (abs)        000FD6
_TMR0_Eventos                         bssBANK0     00006D
_TRISB                                (abs)        000F93
_TRISDbits                            (abs)        000F95
_Timer0_Inicializacao                 text1        00167E
_Timer0_Recarga                       text2        0016E4
_Varredura                            bssBANK0     000060
__CFG_FCMEN$OFF                       (abs)        000000
__CFG_FOSC$INTIO67                    (abs)        000000
__CFG_IESO$OFF                        (abs)        000000
__CFG_PLLCFG$OFF                      (abs)        000000
__CFG_PRICLKEN$ON                     (abs)        000000
__HRAM                                (abs)        000000
__Habs1                               abs1         000000
__Hbank0                              bank0        000000
__Hbank1                              bank1        000000
__Hbank10                             bank10       000000
__Hbank11                             bank11       000000
__Hbank12                             bank12       000000
__Hbank13                             bank13       000000
__Hbank14                             bank14       000000
__Hbank15                             bank15       000000
__Hbank2                              bank2        000000
__Hbank3                              bank3        000000
__Hbank4                              bank4        000000
__Hbank5                              bank5        000000
__Hbank6                              bank6        000000
__Hbank7                              bank7        000000
__Hbank8                              bank8        000000
__Hbank9                              bank9        000000
__Hbigbss                             bigbss       000000
__Hbigdata                            bigdata      000000
__Hbigram                             bigram       000000
__Hbss                                bss          000000
__HbssBANK0                           bssBANK0     000000
__Hcinit                              cinit        000000
__Hclrtext                            clrtext      000000
__Hcomram                             comram       000000
__Hconfig                             config       30000E
__Hconst                              const        000000
__HcstackBANK0                        cstackBANK0  000000
__HcstackCOMRAM                       cstackCOMRAM 000000
__Hdata                               data         000000
__Heeprom_data                        eeprom_data  000000
__Hend_init                           end_init     0000A0
__Hfarbss                             farbss       000000
__Hfardata                            fardata      000000
__Hibigdata                           ibigdata     000000
__Hidata                              idata        000000
__Hidloc                              idloc        200008
__Hifardata                           ifardata     000000
__Hinit                               init         00009C
__Hintcode                            intcode      00009C
__Hintcode_body                       intcode_body 000000
__Hintcodelo                          intcodelo    00009C
__Hintentry                           intentry     000000
__Hintret                             intret       000000
__Hintsave_regs                       intsave_regs 000000
__Hirdata                             irdata       000000
__Hmediumconst                        mediumconst  000000
__HnvFARRAM                           nvFARRAM     000000
__Hnvbit                              nvbit        000000
__Hnvrram                             nvrram       000000
__Hparam                              rparam       000000
__Hpowerup                            powerup      00009C
__Hram                                ram          000000
__Hramtop                             ramtop       001000
__Hrbit                               rbit         000000
__Hrbss                               rbss         000000
__Hrdata                              rdata        000000
__Hreset_vec                          reset_vec    000004
__Hrparam                             rparam       000000
__Hsfr                                sfr          000000
__Hsmallconst                         smallconst   00103A
__Hspace_0                            (abs)        30000E
__Hspace_1                            (abs)        000074
__Hspace_2                            (abs)        000000
__Hstack                              stack        000000
__Hstruct                             struct       000000
__Htemp                               temp         00004D
__Htext                               text         000000
__Htext0                              text0        000000
__Htext1                              text1        000000
__Htext10                             text10       000000
__Htext11                             text11       000000
__Htext12                             text12       000000
__Htext14                             text14       000000
__Htext15                             text15       000000
__Htext16                             text16       000000
__Htext17                             text17       000000
__Htext2                              text2        000000
__Htext3                              text3        000000
__Htext4                              text4        000000
__Htext5                              text5        000000
__Htext6                              text6        000000
__Htext7                              text7        000000
__Htext8                              text8        000000
__Htext9                              text9        000000
__LRAM                                (abs)        000001
__Labs1                               abs1         000000
__Lbank0                              bank0        000000
__Lbank1                              bank1        000000
__Lbank10                             bank10       000000
__Lbank11                             bank11       000000
__Lbank12                             bank12       000000
__Lbank13                             bank13       000000
__Lbank14                             bank14       000000
__Lbank15                             bank15       000000
__Lbank2                              bank2        000000
__Lbank3                              bank3        000000
__Lbank4                              bank4        000000
__Lbank5                              bank5        000000
__Lbank6                              bank6        000000
__Lbank7                              bank7        000000
__Lbank8                              bank8        000000
__Lbank9                              bank9        000000
__Lbigbss                             bigbss       000000
__Lbigdata                            bigdata      000000
__Lbigram                             bigram       000000
__Lbss                                bss          000000
__LbssBANK0                           bssBANK0     000000
__Lcinit                              cinit        000000
__Lclrtext                            clrtext      000000
__Lcomram                             comram       000000
__Lconfig                             config       300000
__Lconst                              const        000000
__LcstackBANK0                        cstackBANK0  000000
__LcstackCOMRAM                       cstackCOMRAM 000000
__Ldata                               data         000000
__Leeprom_data                        eeprom_data  000000
__Lend_init                           end_init     00009C
__Lfarbss                             farbss       000000
__Lfardata                            fardata      000000
__Libigdata                           ibigdata     000000
__Lidata                              idata        000000
__Lidloc                              idloc        200000
__Lifardata                           ifardata     000000
__Linit                               init         00009C
__Lintcode                            intcode      000008
__Lintcode_body                       intcode_body 000000
__Lintcodelo                          intcodelo    00009C
__Lintentry                           intentry     000000
__Lintret                             intret       000000
__Lintsave_regs                       intsave_regs 000000
__Lirdata                             irdata       000000
__Lmediumconst                        mediumconst  000000
__LnvFARRAM                           nvFARRAM     000000
__Lnvbit                              nvbit        000000
__Lnvrram                             nvrram       000000
__Lparam                              rparam       000000
__Lpowerup                            powerup      00009C
__Lram                                ram          000000
__Lramtop                             ramtop       001000
__Lrbit                               rbit         000000
__Lrbss                               rbss         000000
__Lrdata                              rdata        000000
__Lreset_vec                          reset_vec    000000
__Lrparam                             rparam       000000
__Lsfr                                sfr          000000
__Lsmallconst                         smallconst   001000
__Lspace_0                            (abs)        000000
__Lspace_1                            (abs)        000000
__Lspace_2                            (abs)        000000
__Lstack                              stack        000000
__Lstruct                             struct       000000
__Ltemp                               temp         00004C
__Ltext                               text         000000
__Ltext0                              text0        000000
__Ltext1                              text1        000000
__Ltext10                             text10       000000
__Ltext11                             text11       000000
__Ltext12                             text12       000000
__Ltext14                             text14       000000
__Ltext15                             text15       000000
__Ltext16                             text16       000000
__Ltext17                             text17       000000
__Ltext2                              text2        000000
__Ltext3                              text3        000000
__Ltext4                              text4        000000
__Ltext5                              text5        000000
__Ltext6                              text6        000000
__Ltext7                              text7        000000
__Ltext8                              text8        000000
__Ltext9                              text9        000000
__S0                                  (abs)        30000E
__S1                                  (abs)        000074
__S2                                  (abs)        000000
___inthi_sp                           stack        000000
___intlo_sp                           stack        000000
___lldiv                              text12       00147C
___lldiv@counter                      cstackCOMRAM 00001E
___lldiv@dividend                     cstackCOMRAM 000012
___lldiv@divisor                      cstackCOMRAM 000016
___lldiv@quotient                     cstackCOMRAM 00001A
___llmod                              text11       001568
___llmod@counter                      cstackCOMRAM 000027
___llmod@dividend                     cstackCOMRAM 00001F
___llmod@divisor                      cstackCOMRAM 000023
___param_bank                         (abs)        000010
___rparam_used                        (abs)        000001
___sp                                 stack        000000
___wmul                               text10       00163A
___wmul@multiplicand                  cstackCOMRAM 000014
___wmul@multiplier                    cstackCOMRAM 000012
___wmul@product                       cstackCOMRAM 000016
__accesstop                           (abs)        000060
__activetblptr                        (abs)        000002
__end_of_Converte_Bcd_7seg            smallconst   001033
__end_of_Display_ExecutaVarredura     text15       00147C
__end_of_Display_ExibeNumero          text7        0013D4
__end_of_Display_InicializaVarredura  text4        00160C
__end_of_Display_LigaDigito           text16       001730
__end_of_Interrupt_High               intcode      00009C
__end_of_Latch_EscreveValor           text6        0016CC
__end_of_Latch_Inicializacao          text5        00163A
__end_of_Oscilador_Inicializacao      text3        00171E
__end_of_Timer0_Inicializacao         text1        00169A
__end_of_Timer0_Recarga               text2        0016F8
__end_of___lldiv                      text12       0014FE
__end_of___llmod                      text11       0015CE
__end_of___wmul                       text10       001660
__end_of__initialization              cinit        0016A6
__end_of_dpowers                      smallconst   001029
__end_of_isdigit                      text9        00167E
__end_of_main                         text0        001568
__end_of_sprintf                      text8        0012B0
__end_ofi2_Latch_EscreveValor         text17       0016E4
__end_ofi2_Timer0_Recarga             text14       00170C
__initialization                      cinit        00169A
__mediumconst                         mediumconst  000000
__pbssBANK0                           bssBANK0     000060
__pcinit                              cinit        00169A
__pcstackBANK0                        cstackBANK0  00006F
__pcstackCOMRAM                       cstackCOMRAM 000001
__pintcode                            intcode      000008
__psmallconst                         smallconst   001000
__ptext0                              text0        0014FE
__ptext1                              text1        00167E
__ptext10                             text10       00163A
__ptext11                             text11       001568
__ptext12                             text12       00147C
__ptext14                             text14       0016F8
__ptext15                             text15       0013D4
__ptext16                             text16       00171E
__ptext17                             text17       0016CC
__ptext2                              text2        0016E4
__ptext3                              text3        00170C
__ptext4                              text4        0015CE
__ptext5                              text5        00160C
__ptext6                              text6        0016B4
__ptext7                              text7        0012B0
__ptext8                              text8        00103A
__ptext9                              text9        001660
__ramtop                              ramtop       001000
__size_of_Display_ExecutaVarredura    (abs)        000000
__size_of_Display_ExibeNumero         (abs)        000000
__size_of_Display_InicializaVarredura (abs)        000000
__size_of_Display_LigaDigito          (abs)        000000
__size_of_Interrupt_High              (abs)        000000
__size_of_Latch_EscreveValor          (abs)        000000
__size_of_Latch_Inicializacao         (abs)        000000
__size_of_Oscilador_Inicializacao     (abs)        000000
__size_of_Timer0_Inicializacao        (abs)        000000
__size_of_Timer0_Recarga              (abs)        000000
__size_of___lldiv                     (abs)        000000
__size_of___llmod                     (abs)        000000
__size_of___wmul                      (abs)        000000
__size_of_isdigit                     (abs)        000000
__size_of_main                        (abs)        000000
__size_of_sprintf                     (abs)        000000
__size_ofi2_Latch_EscreveValor        (abs)        000000
__size_ofi2_Timer0_Recarga            (abs)        000000
__smallconst                          smallconst   001000
_dpowers                              smallconst   001001
_isdigit                              text9        001660
_isdigit$820                          cstackCOMRAM 000013
_main                                 text0        0014FE
_sprintf                              text8        00103A
btemp                                 temp         00004C
end_of_initialization                 cinit        0016A6
i2Latch_EscreveValor@Valor            cstackCOMRAM 000001
i2Timer0_Recarga@ValorDeCarga         cstackCOMRAM 000001
i2_Latch_EscreveValor                 text17       0016CC
i2_Timer0_Recarga                     text14       0016F8
int$flags                             temp         00004C
intlevel0                             text         000000
intlevel1                             text         000000
intlevel2                             text         000000
intlevel3                             text         000000
isdigit@c                             cstackCOMRAM 000014
sprintf@ap                            cstackCOMRAM 00003B
sprintf@c                             cstackCOMRAM 00003F
sprintf@f                             cstackCOMRAM 00002A
sprintf@flag                          cstackCOMRAM 000034
sprintf@prec                          cstackCOMRAM 000035
sprintf@sp                            cstackCOMRAM 000028
sprintf@val                           cstackCOMRAM 000037
sprintf@width                         cstackCOMRAM 00003D
stackhi                               (abs)        000F37
stacklo                               (abs)        000074
start                                 init         00009C
start_initialization                  cinit        00169A


FUNCTION INFORMATION:

 *************** function _main *****************
 Defined at:
		line 40 in file "App.c"
 Parameters:    Size  Location     Type
  argc            2    0[BANK0 ] int 
  argv            3    2[BANK0 ] PTR PTR unsigned char 
 Auto vars:     Size  Location     Type
		None
 Return value:  Size  Location     Type
                  2    0[BANK0 ] int 
 Registers used:
		wreg, fsr2l, fsr2h, status,2, status,0, tblptrl, tblptrh, tblptru, prodl, prodh, cstack
 Tracked objects:
		On entry : 
		On exit  : 
		Unchanged: 
 Data sizes:     COMRAM   BANK0   BANK1   BANK2   BANK3   BANK4   BANK5   BANK6   BANK7   BANK8   BANK9  BANK10  BANK11  BANK12  BANK13  BANK14  BANK15
      Params:         0       5       0       0       0       0       0       0       0       0       0       0       0       0       0       0       0
      Locals:         0       0       0       0       0       0       0       0       0       0       0       0       0       0       0       0       0
      Temps:          0       0       0       0       0       0       0       0       0       0       0       0       0       0       0       0       0
      Totals:         0       5       0       0       0       0       0       0       0       0       0       0       0       0       0       0       0
Total ram usage:        5 bytes
 Hardware stack levels required when called:    7
 This function calls:
		_Display_ExibeNumero
		_Display_InicializaVarredura
		_Oscilador_Inicializacao
		_Timer0_Inicializacao
 This function is called by:
		Startup code after reset
 This function uses a non-reentrant model


 *************** function _Timer0_Inicializacao *****************
 Defined at:
		line 71 in file "App.c"
 Parameters:    Size  Location     Type
		None
 Auto vars:     Size  Location     Type
		None
 Return value:  Size  Location     Type
                  1    wreg      void 
 Registers used:
		wreg, status,2, cstack
 Tracked objects:
		On entry : 
		On exit  : 
		Unchanged: 
 Data sizes:     COMRAM   BANK0   BANK1   BANK2   BANK3   BANK4   BANK5   BANK6   BANK7   BANK8   BANK9  BANK10  BANK11  BANK12  BANK13  BANK14  BANK15
      Params:         0       0       0       0       0       0       0       0       0       0       0       0       0       0       0       0       0
      Locals:         0       0       0       0       0       0       0       0       0       0       0       0       0       0       0       0       0
      Temps:          0       0       0       0       0       0       0       0       0       0       0       0       0       0       0       0       0
      Totals:         0       0       0       0       0       0       0       0       0       0       0       0       0       0       0       0       0
Total ram usage:        0 bytes
 Hardware stack levels used:    1
 Hardware stack levels required when called:    5
 This function calls:
		_Timer0_Recarga
 This function is called by:
		_main
 This function uses a non-reentrant model


 *************** function _Timer0_Recarga *****************
 Defined at:
		line 90 in file "App.c"
 Parameters:    Size  Location     Type
		None
 Auto vars:     Size  Location     Type
  ValorDeCarga    2   17[COMRAM] struct .
 Return value:  Size  Location     Type
                  1    wreg      void 
 Registers used:
		wreg, status,2
 Tracked objects:
		On entry : 
		On exit  : 
		Unchanged: 
 Data sizes:     COMRAM   BANK0   BANK1   BANK2   BANK3   BANK4   BANK5   BANK6   BANK7   BANK8   BANK9  BANK10  BANK11  BANK12  BANK13  BANK14  BANK15
      Params:         0       0       0       0       0       0       0       0       0       0       0       0       0       0       0       0       0
      Locals:         2       0       0       0       0       0       0       0       0       0       0       0       0       0       0       0       0
      Temps:          0       0       0       0       0       0       0       0       0       0       0       0       0       0       0       0       0
      Totals:         2       0       0       0       0       0       0       0       0       0       0       0       0       0       0       0       0
Total ram usage:        2 bytes
 Hardware stack levels used:    1
 Hardware stack levels required when called:    4
 This function calls:
		Nothing
 This function is called by:
		_Timer0_Inicializacao
 This function uses a non-reentrant model


 *************** function _Oscilador_Inicializacao *****************
 Defined at:
		line 36 in file "Oscilador.c"
 Parameters:    Size  Location     Type
		None
 Auto vars:     Size  Location     Type
		None
 Return value:  Size  Location     Type
                  1    wreg      void 
 Registers used:
		wreg, status,2
 Tracked objects:
		On entry : 
		On exit  : 
		Unchanged: 
 Data sizes:     COMRAM   BANK0   BANK1   BANK2   BANK3   BANK4   BANK5   BANK6   BANK7   BANK8   BANK9  BANK10  BANK11  BANK12  BANK13  BANK14  BANK15
      Params:         0       0       0       0       0       0       0       0       0       0       0       0       0       0       0       0       0
      Locals:         0       0       0       0       0       0       0       0       0       0       0       0       0       0       0       0       0
      Temps:          0       0       0       0       0       0       0       0       0       0       0       0       0       0       0       0       0
      Totals:         0       0       0       0       0       0       0       0       0       0       0       0       0       0       0       0       0
Total ram usage:        0 bytes
 Hardware stack levels used:    1
 Hardware stack levels required when called:    4
 This function calls:
		Nothing
 This function is called by:
		_main
 This function uses a non-reentrant model


 *************** function _Display_InicializaVarredura *****************
 Defined at:
		line 102 in file "Base_1.c"
 Parameters:    Size  Location     Type
		None
 Auto vars:     Size  Location     Type
		None
 Return value:  Size  Location     Type
                  1    wreg      void 
 Registers used:
		wreg, status,2, cstack
 Tracked objects:
		On entry : 
		On exit  : 
		Unchanged: 
 Data sizes:     COMRAM   BANK0   BANK1   BANK2   BANK3   BANK4   BANK5   BANK6   BANK7   BANK8   BANK9  BANK10  BANK11  BANK12  BANK13  BANK14  BANK15
      Params:         0       0       0       0       0       0       0       0       0       0       0       0       0       0       0       0       0
      Locals:         0       0       0       0       0       0       0       0       0       0       0       0       0       0       0       0       0
      Temps:          0       0       0       0       0       0       0       0       0       0       0       0       0       0       0       0       0
      Totals:         0       0       0       0       0       0       0       0       0       0       0       0       0       0       0       0       0
Total ram usage:        0 bytes
 Hardware stack levels used:    1
 Hardware stack levels required when called:    6
 This function calls:
		_Latch_Inicializacao
 This function is called by:
		_main
 This function uses a non-reentrant model


 *************** function _Latch_Inicializacao *****************
 Defined at:
		line 29 in file "Base_1.c"
 Parameters:    Size  Location     Type
  Valor           1    wreg     unsigned char 
 Auto vars:     Size  Location     Type
  Valor           1   18[COMRAM] unsigned char 
 Return value:  Size  Location     Type
                  1    wreg      void 
 Registers used:
		wreg, status,2, cstack
 Tracked objects:
		On entry : 
		On exit  : 
		Unchanged: 
 Data sizes:     COMRAM   BANK0   BANK1   BANK2   BANK3   BANK4   BANK5   BANK6   BANK7   BANK8   BANK9  BANK10  BANK11  BANK12  BANK13  BANK14  BANK15
      Params:         0       0       0       0       0       0       0       0       0       0       0       0       0       0       0       0       0
      Locals:         1       0       0       0       0       0       0       0       0       0       0       0       0       0       0       0       0
      Temps:          0       0       0       0       0       0       0       0       0       0       0       0       0       0       0       0       0
      Totals:         1       0       0       0       0       0       0       0       0       0       0       0       0       0       0       0       0
Total ram usage:        1 bytes
 Hardware stack levels used:    1
 Hardware stack levels required when called:    5
 This function calls:
		_Latch_EscreveValor
 This function is called by:
		_Display_InicializaVarredura
		_Display_Inicializacao
 This function uses a non-reentrant model


 *************** function _Latch_EscreveValor *****************
 Defined at:
		line 58 in file "Base_1.c"
 Parameters:    Size  Location     Type
  Valor           1    wreg     unsigned char 
 Auto vars:     Size  Location     Type
  Valor           1   17[COMRAM] unsigned char 
 Return value:  Size  Location     Type
                  1    wreg      void 
 Registers used:
		wreg, status,2
 Tracked objects:
		On entry : 
		On exit  : 
		Unchanged: 
 Data sizes:     COMRAM   BANK0   BANK1   BANK2   BANK3   BANK4   BANK5   BANK6   BANK7   BANK8   BANK9  BANK10  BANK11  BANK12  BANK13  BANK14  BANK15
      Params:         0       0       0       0       0       0       0       0       0       0       0       0       0       0       0       0       0
      Locals:         1       0       0       0       0       0       0       0       0       0       0       0       0       0       0       0       0
      Temps:          0       0       0       0       0       0       0       0       0       0       0       0       0       0       0       0       0
      Totals:         1       0       0       0       0       0       0       0       0       0       0       0       0       0       0       0       0
Total ram usage:        1 bytes
 Hardware stack levels used:    1
 Hardware stack levels required when called:    4
 This function calls:
		Nothing
 This function is called by:
		_Latch_Inicializacao
 This function uses a non-reentrant model


 *************** function _Display_ExibeNumero *****************
 Defined at:
		line 155 in file "Base_1.c"
 Parameters:    Size  Location     Type
  Numero          4   63[COMRAM] unsigned long 
 Auto vars:     Size  Location     Type
  Contagem        6   68[COMRAM] unsigned char [6]
  i               1   74[COMRAM] unsigned char 
 Return value:  Size  Location     Type
                  1    wreg      void 
 Registers used:
		wreg, fsr2l, fsr2h, status,2, status,0, tblptrl, tblptrh, tblptru, prodl, prodh, cstack
 Tracked objects:
		On entry : 
		On exit  : 
		Unchanged: 
 Data sizes:     COMRAM   BANK0   BANK1   BANK2   BANK3   BANK4   BANK5   BANK6   BANK7   BANK8   BANK9  BANK10  BANK11  BANK12  BANK13  BANK14  BANK15
      Params:         4       0       0       0       0       0       0       0       0       0       0       0       0       0       0       0       0
      Locals:         7       0       0       0       0       0       0       0       0       0       0       0       0       0       0       0       0
      Temps:          1       0       0       0       0       0       0       0       0       0       0       0       0       0       0       0       0
      Totals:        12       0       0       0       0       0       0       0       0       0       0       0       0       0       0       0       0
Total ram usage:       12 bytes
 Hardware stack levels used:    1
 Hardware stack levels required when called:    6
 This function calls:
		_sprintf
 This function is called by:
		_main
 This function uses a non-reentrant model


 *************** function _sprintf *****************
 Defined at:
		line 492 in file "C:\Program Files (x86)\Microchip\xc8\v1.36\sources\common\doprnt.c"
 Parameters:    Size  Location     Type
  sp              2   39[COMRAM] PTR unsigned char 
		 -> Display_ExibeNumero@Contagem(6), 
  f               2   41[COMRAM] PTR const unsigned char 
		 -> STR_1(5), 
 Auto vars:     Size  Location     Type
  val             4   54[COMRAM] unsigned long 
  tmpval          4    0        struct .
  cp              3    0        PTR const unsigned char 
  width           2   60[COMRAM] int 
  ap              2   58[COMRAM] PTR void [1]
		 -> ?_sprintf(2), 
  prec            2   52[COMRAM] int 
  len             2    0        unsigned int 
  c               1   62[COMRAM] char 
  flag            1   51[COMRAM] unsigned char 
 Return value:  Size  Location     Type
                  2   39[COMRAM] int 
 Registers used:
		wreg, fsr2l, fsr2h, status,2, status,0, tblptrl, tblptrh, tblptru, prodl, prodh, cstack
 Tracked objects:
		On entry : 
		On exit  : 
		Unchanged: 
 Data sizes:     COMRAM   BANK0   BANK1   BANK2   BANK3   BANK4   BANK5   BANK6   BANK7   BANK8   BANK9  BANK10  BANK11  BANK12  BANK13  BANK14  BANK15
      Params:         8       0       0       0       0       0       0       0       0       0       0       0       0       0       0       0       0
      Locals:        12       0       0       0       0       0       0       0       0       0       0       0       0       0       0       0       0
      Temps:          4       0       0       0       0       0       0       0       0       0       0       0       0       0       0       0       0
      Totals:        24       0       0       0       0       0       0       0       0       0       0       0       0       0       0       0       0
Total ram usage:       24 bytes
 Hardware stack levels used:    1
 Hardware stack levels required when called:    5
 This function calls:
		___lldiv
		___llmod
		___wmul
		_isdigit
 This function is called by:
		_Display_ExibeNumero
 This function uses a non-reentrant model


 *************** function _isdigit *****************
 Defined at:
		line 8 in file "C:\Program Files (x86)\Microchip\xc8\v1.36\sources\common\isdigit.c"
 Parameters:    Size  Location     Type
  c               1    wreg     unsigned char 
 Auto vars:     Size  Location     Type
  c               1   19[COMRAM] unsigned char 
 Return value:  Size  Location     Type
		None               void
 Registers used:
		wreg, status,2, status,0
 Tracked objects:
		On entry : 
		On exit  : 
		Unchanged: 
 Data sizes:     COMRAM   BANK0   BANK1   BANK2   BANK3   BANK4   BANK5   BANK6   BANK7   BANK8   BANK9  BANK10  BANK11  BANK12  BANK13  BANK14  BANK15
      Params:         0       0       0       0       0       0       0       0       0       0       0       0       0       0       0       0       0
      Locals:         2       0       0       0       0       0       0       0       0       0       0       0       0       0       0       0       0
      Temps:          1       0       0       0       0       0       0       0       0       0       0       0       0       0       0       0       0
      Totals:         3       0       0       0       0       0       0       0       0       0       0       0       0       0       0       0       0
Total ram usage:        3 bytes
 Hardware stack levels used:    1
 Hardware stack levels required when called:    4
 This function calls:
		Nothing
 This function is called by:
		_sprintf
 This function uses a non-reentrant model


 *************** function ___wmul *****************
 Defined at:
		line 15 in file "C:\Program Files (x86)\Microchip\xc8\v1.36\sources\common\Umul16.c"
 Parameters:    Size  Location     Type
  multiplier      2   17[COMRAM] unsigned int 
  multiplicand    2   19[COMRAM] unsigned int 
 Auto vars:     Size  Location     Type
  product         2   21[COMRAM] unsigned int 
 Return value:  Size  Location     Type
                  2   17[COMRAM] unsigned int 
 Registers used:
		wreg, status,2, status,0, prodl, prodh
 Tracked objects:
		On entry : 
		On exit  : 
		Unchanged: 
 Data sizes:     COMRAM   BANK0   BANK1   BANK2   BANK3   BANK4   BANK5   BANK6   BANK7   BANK8   BANK9  BANK10  BANK11  BANK12  BANK13  BANK14  BANK15
      Params:         4       0       0       0       0       0       0       0       0       0       0       0       0       0       0       0       0
      Locals:         2       0       0       0       0       0       0       0       0       0       0       0       0       0       0       0       0
      Temps:          0       0       0       0       0       0       0       0       0       0       0       0       0       0       0       0       0
      Totals:         6       0       0       0       0       0       0       0       0       0       0       0       0       0       0       0       0
Total ram usage:        6 bytes
 Hardware stack levels used:    1
 Hardware stack levels required when called:    4
 This function calls:
		Nothing
 This function is called by:
		_sprintf
 This function uses a non-reentrant model


 *************** function ___llmod *****************
 Defined at:
		line 8 in file "C:\Program Files (x86)\Microchip\xc8\v1.36\sources\common\llmod.c"
 Parameters:    Size  Location     Type
  dividend        4   30[COMRAM] unsigned long 
  divisor         4   34[COMRAM] unsigned long 
 Auto vars:     Size  Location     Type
  counter         1   38[COMRAM] unsigned char 
 Return value:  Size  Location     Type
                  4   30[COMRAM] unsigned long 
 Registers used:
		wreg, status,2, status,0
 Tracked objects:
		On entry : 
		On exit  : 
		Unchanged: 
 Data sizes:     COMRAM   BANK0   BANK1   BANK2   BANK3   BANK4   BANK5   BANK6   BANK7   BANK8   BANK9  BANK10  BANK11  BANK12  BANK13  BANK14  BANK15
      Params:         8       0       0       0       0       0       0       0       0       0       0       0       0       0       0       0       0
      Locals:         1       0       0       0       0       0       0       0       0       0       0       0       0       0       0       0       0
      Temps:          0       0       0       0       0       0       0       0       0       0       0       0       0       0       0       0       0
      Totals:         9       0       0       0       0       0       0       0       0       0       0       0       0       0       0       0       0
Total ram usage:        9 bytes
 Hardware stack levels used:    1
 Hardware stack levels required when called:    4
 This function calls:
		Nothing
 This function is called by:
		_sprintf
 This function uses a non-reentrant model


 *************** function ___lldiv *****************
 Defined at:
		line 8 in file "C:\Program Files (x86)\Microchip\xc8\v1.36\sources\common\lldiv.c"
 Parameters:    Size  Location     Type
  dividend        4   17[COMRAM] unsigned long 
  divisor         4   21[COMRAM] unsigned long 
 Auto vars:     Size  Location     Type
  quotient        4   25[COMRAM] unsigned long 
  counter         1   29[COMRAM] unsigned char 
 Return value:  Size  Location     Type
                  4   17[COMRAM] unsigned long 
 Registers used:
		wreg, status,2, status,0
 Tracked objects:
		On entry : 
		On exit  : 
		Unchanged: 
 Data sizes:     COMRAM   BANK0   BANK1   BANK2   BANK3   BANK4   BANK5   BANK6   BANK7   BANK8   BANK9  BANK10  BANK11  BANK12  BANK13  BANK14  BANK15
      Params:         8       0       0       0       0       0       0       0       0       0       0       0       0       0       0       0       0
      Locals:         5       0       0       0       0       0       0       0       0       0       0       0       0       0       0       0       0
      Temps:          0       0       0       0       0       0       0       0       0       0       0       0       0       0       0       0       0
      Totals:        13       0       0       0       0       0       0       0       0       0       0       0       0       0       0       0       0
Total ram usage:       13 bytes
 Hardware stack levels used:    1
 Hardware stack levels required when called:    4
 This function calls:
		Nothing
 This function is called by:
		_sprintf
 This function uses a non-reentrant model


 *************** function _Interrupt_High *****************
 Defined at:
		line 106 in file "App.c"
 Parameters:    Size  Location     Type
		None
 Auto vars:     Size  Location     Type
		None
 Return value:  Size  Location     Type
                  1    wreg      void 
 Registers used:
		wreg, status,2, status,0, cstack
 Tracked objects:
		On entry : 
		On exit  : 
		Unchanged: 
 Data sizes:     COMRAM   BANK0   BANK1   BANK2   BANK3   BANK4   BANK5   BANK6   BANK7   BANK8   BANK9  BANK10  BANK11  BANK12  BANK13  BANK14  BANK15
      Params:         0       0       0       0       0       0       0       0       0       0       0       0       0       0       0       0       0
      Locals:         0       0       0       0       0       0       0       0       0       0       0       0       0       0       0       0       0
      Temps:         14       0       0       0       0       0       0       0       0       0       0       0       0       0       0       0       0
      Totals:        14       0       0       0       0       0       0       0       0       0       0       0       0       0       0       0       0
Total ram usage:       14 bytes
 Hardware stack levels used:    1
 Hardware stack levels required when called:    3
 This function calls:
		_Display_ExecutaVarredura
		i2_Timer0_Recarga
 This function is called by:
		Interrupt level 2
 This function uses a non-reentrant model


 *************** function i2_Timer0_Recarga *****************
 Defined at:
		line 90 in file "App.c"
 Parameters:    Size  Location     Type
		None
 Auto vars:     Size  Location     Type
  Timer0_Recar    2    0[COMRAM] struct .
 Return value:  Size  Location     Type
                  1    wreg      void 
 Registers used:
		wreg, status,2
 Tracked objects:
		On entry : 
		On exit  : 
		Unchanged: 
 Data sizes:     COMRAM   BANK0   BANK1   BANK2   BANK3   BANK4   BANK5   BANK6   BANK7   BANK8   BANK9  BANK10  BANK11  BANK12  BANK13  BANK14  BANK15
      Params:         0       0       0       0       0       0       0       0       0       0       0       0       0       0       0       0       0
      Locals:         2       0       0       0       0       0       0       0       0       0       0       0       0       0       0       0       0
      Temps:          0       0       0       0       0       0       0       0       0       0       0       0       0       0       0       0       0
      Totals:         2       0       0       0       0       0       0       0       0       0       0       0       0       0       0       0       0
Total ram usage:        2 bytes
 Hardware stack levels used:    1
 This function calls:
		Nothing
 This function is called by:
		_Interrupt_High
 This function uses a non-reentrant model


 *************** function _Display_ExecutaVarredura *****************
 Defined at:
		line 123 in file "Base_1.c"
 Parameters:    Size  Location     Type
		None
 Auto vars:     Size  Location     Type
		None
 Return value:  Size  Location     Type
                  1    wreg      void 
 Registers used:
		wreg, status,2, status,0, cstack
 Tracked objects:
		On entry : 
		On exit  : 
		Unchanged: 
 Data sizes:     COMRAM   BANK0   BANK1   BANK2   BANK3   BANK4   BANK5   BANK6   BANK7   BANK8   BANK9  BANK10  BANK11  BANK12  BANK13  BANK14  BANK15
      Params:         0       0       0       0       0       0       0       0       0       0       0       0       0       0       0       0       0
      Locals:         0       0       0       0       0       0       0       0       0       0       0       0       0       0       0       0       0
      Temps:          0       0       0       0       0       0       0       0       0       0       0       0       0       0       0       0       0
      Totals:         0       0       0       0       0       0       0       0       0       0       0       0       0       0       0       0       0
Total ram usage:        0 bytes
 Hardware stack levels used:    1
 Hardware stack levels required when called:    2
 This function calls:
		_Display_LigaDigito
 This function is called by:
		_Interrupt_High
 This function uses a non-reentrant model


 *************** function _Display_LigaDigito *****************
 Defined at:
		line 88 in file "Base_1.c"
 Parameters:    Size  Location     Type
  Valor           1    wreg     unsigned char 
  Digito          1    1[COMRAM] unsigned char 
 Auto vars:     Size  Location     Type
  Valor           1    2[COMRAM] unsigned char 
 Return value:  Size  Location     Type
                  1    wreg      void 
 Registers used:
		wreg, status,2, cstack
 Tracked objects:
		On entry : 
		On exit  : 
		Unchanged: 
 Data sizes:     COMRAM   BANK0   BANK1   BANK2   BANK3   BANK4   BANK5   BANK6   BANK7   BANK8   BANK9  BANK10  BANK11  BANK12  BANK13  BANK14  BANK15
      Params:         1       0       0       0       0       0       0       0       0       0       0       0       0       0       0       0       0
      Locals:         1       0       0       0       0       0       0       0       0       0       0       0       0       0       0       0       0
      Temps:          0       0       0       0       0       0       0       0       0       0       0       0       0       0       0       0       0
      Totals:         2       0       0       0       0       0       0       0       0       0       0       0       0       0       0       0       0
Total ram usage:        2 bytes
 Hardware stack levels used:    1
 Hardware stack levels required when called:    1
 This function calls:
		i2_Latch_EscreveValor
 This function is called by:
		_Display_ExecutaVarredura
		_Display_Inicializacao
 This function uses a non-reentrant model


 *************** function i2_Latch_EscreveValor *****************
 Defined at:
		line 58 in file "Base_1.c"
 Parameters:    Size  Location     Type
  Valor           1    wreg     unsigned char 
 Auto vars:     Size  Location     Type
  Valor           1    0[COMRAM] unsigned char 
 Return value:  Size  Location     Type
                  1    wreg      void 
 Registers used:
		wreg, status,2
 Tracked objects:
		On entry : 
		On exit  : 
		Unchanged: 
 Data sizes:     COMRAM   BANK0   BANK1   BANK2   BANK3   BANK4   BANK5   BANK6   BANK7   BANK8   BANK9  BANK10  BANK11  BANK12  BANK13  BANK14  BANK15
      Params:         0       0       0       0       0       0       0       0       0       0       0       0       0       0       0       0       0
      Locals:         1       0       0       0       0       0       0       0       0       0       0       0       0       0       0       0       0
      Temps:          0       0       0       0       0       0       0       0       0       0       0       0       0       0       0       0       0
      Totals:         1       0       0       0       0       0       0       0       0       0       0       0       0       0       0       0       0
Total ram usage:        1 bytes
 Hardware stack levels used:    1
 This function calls:
		Nothing
 This function is called by:
		_Display_LigaDigito
 This function uses a non-reentrant model



MODULE INFORMATION

Module		Function		Class		Link	Load	Size
C:\Program Files (x86)\Microchip\xc8\v1.36\sources\common\lldiv.c
		___lldiv       		CODE           	147C	0000	131

C:\Program Files (x86)\Microchip\xc8\v1.36\sources\common\lldiv.c estimated size: 131

C:\Program Files (x86)\Microchip\xc8\v1.36\sources\common\doprnt.c
		_sprintf       		CODE           	103A	0000	631

C:\Program Files (x86)\Microchip\xc8\v1.36\sources\common\doprnt.c estimated size: 631

Oscilador.c
		_Oscilador_Inicializacao		CODE           	170C	0000	19

Oscilador.c estimated size: 19

C:\Program Files (x86)\Microchip\xc8\v1.36\sources\common\Umul16.c
		___wmul        		CODE           	163A	0000	39

C:\Program Files (x86)\Microchip\xc8\v1.36\sources\common\Umul16.c estimated size: 39

Base_1.c
		_Latch_EscreveValor		CODE           	16B4	0000	25
		_Display_ExibeNumero		CODE           	12B0	0000	293
		_Latch_Inicializacao		CODE           	160C	0000	47
		_Display_LigaDigito		CODE           	171E	0000	19
		_Display_InicializaVarredura		CODE           	15CE	0000	63
		_Display_ExecutaVarredura		CODE           	13D4	0000	169

Base_1.c estimated size: 616

shared
		_dpowers       		SMALLCONST     	1001	0000	41
		i2_Timer0_Recarga		CODE           	16F8	0000	21
		__initialization		CODE           	169A	0000	13
		_Converte_Bcd_7seg		SMALLCONST     	1029	0000	11
		i2_Latch_EscreveValor		CODE           	16CC	0000	25

shared estimated size: 111

C:\Program Files (x86)\Microchip\xc8\v1.36\sources\common\isdigit.c
		_isdigit       		CODE           	1660	0000	31

C:\Program Files (x86)\Microchip\xc8\v1.36\sources\common\isdigit.c estimated size: 31

App.c
		_Timer0_Inicializacao		CODE           	167E	0000	29
		_main          		CODE           	14FE	0000	107
		_Timer0_Recarga		CODE           	16E4	0000	21
		_Interrupt_High		CODE           	0008	0000	149

App.c estimated size: 306

C:\Program Files (x86)\Microchip\xc8\v1.36\sources\common\llmod.c
		___llmod       		CODE           	1568	0000	103

C:\Program Files (x86)\Microchip\xc8\v1.36\sources\common\llmod.c estimated size: 103

