Microchip MPLAB XC8 Compiler V1.42 ()

Linker command line:

-W-3 --edf=C:\Program Files (x86)\Microchip\xc8\v1.42\dat\en_msgs.txt -cs \
  -h+dist/default/production\Teste.X.production.sym \
  --cmf=dist/default/production\Teste.X.production.cmf -z -Q18F46K22 \
  -oC:\Users\Gleiton\AppData\Local\Temp\s4ik.2 \
  -Mdist/default/production/Teste.X.production.map -E1 -ver=XC8 \
  -ASTACK=074h-0f37h -pstack=STACK -ACODE=00h-0FC00h -ACONST=00h-0FC00h \
  -ASMALLCONST=01000h-010FFhx236,0FC00h-0FC00h -AMEDIUMCONST=01000h-0FC00h \
  -ACOMRAM=01h-05Fh -AABS1=00h-0F37h -ABIGRAM=01h-0F37h \
  -ARAM=060h-0FFh,0100h-01FFhx14,0F00h-0F37h -ABANK0=060h-0FFh \
  -ABANK1=0100h-01FFh -ABANK2=0200h-02FFh -ABANK3=0300h-03FFh \
  -ABANK4=0400h-04FFh -ABANK5=0500h-05FFh -ABANK6=0600h-06FFh \
  -ABANK7=0700h-07FFh -ABANK8=0800h-08FFh -ABANK9=0900h-09FFh \
  -ABANK10=0A00h-0AFFh -ABANK11=0B00h-0BFFh -ABANK12=0C00h-0CFFh \
  -ABANK13=0D00h-0DFFh -ABANK14=0E00h-0EFFh -ABANK15=0F00h-0F37h \
  -ASFR=0F38h-0F5Fh,0F60h-0FFFh \
  -preset_vec=00h,intcode=08h,intcodelo,powerup,init -pramtop=01000h \
  -psmallconst=SMALLCONST -pmediumconst=MEDIUMCONST -pconst=CONST \
  -AFARRAM=00h-00h -ACONFIG=0300000h-030000Dh -pconfig=CONFIG \
  -AIDLOC=0200000h-0200007h -pidloc=IDLOC -AEEDATA=0F00000h-0F003FFh \
  -peeprom_data=EEDATA \
  -prdata=COMRAM,nvrram=COMRAM,nvbit=COMRAM,rbss=COMRAM,rbit=COMRAM \
  -pfarbss=FARRAM,fardata=FARRAM,nvFARRAM=FARRAM \
  -pintsave_regs=BIGRAM,bigbss=BIGRAM,bigdata=BIGRAM -pbss=RAM \
  -pidata=CODE,irdata=CODE,ibigdata=CODE,ifardata=CODE -prparam=COMRAM \
  C:\Users\Gleiton\AppData\Local\Temp\s4ik.obj \
  dist/default/production\Teste.X.production.obj 

Object code version is 3.11

Machine type is 18F46K22

Call graph: (short form)




                Name                               Link     Load   Length Selector   Space Scale
C:\Users\Gleiton\AppData\Local\Temp\s4ik.obj
                init                                 82       82        4        4       0
                reset_vec                             0        0        4        0       0
                idloc                            200000   200000        8   200000       0
                config                           300000   300000        E   300000       0
dist/default/production\Teste.X.production.obj
                intcode                               8        8       7A        4       0
                temp                                 4C       4C        1        1       1
                smallconst                         1000     1000       3A      800       0
                text20                             172C     172C       1C      81D       0
                text19                             15F2     15F2       40      81D       0
                text17                             1748     1748       18      81D       0
                text16                             1774     1774       12      81D       0
                text15                             141A     141A       92      81D       0
                text14                             14AC     14AC       82      81D       0
                text13                             152E     152E       66      81D       0
                text12                             168C     168C       26      81D       0
                text11                             16F2     16F2       1E      81D       0
                text10                             103A     103A      2CC      81D       0
                text9                              1306     1306      114      81D       0
                text8                              1632     1632       2E      81D       0
                text7                              1660     1660       2C      81D       0
                text6                              1760     1760       14      81D       0
                text5                              179E     179E        6      81D       0
                text4                              1786     1786       10      81D       0
                text3                              1796     1796        8      81D       0
                text2                              1710     1710       1C      81D       0
                text1                              16B2     16B2       22      81D       0
                text0                              1594     1594       5E      81D       0
                cstackCOMRAM                          1        1       3D        1       1
                cstackBANK0                          60       60       13       60       1
                bssBANK0                             73       73        1       60       1
                bssCOMRAM                            3E       3E        E        1       1
                cinit                              16D4     16D4       1E      81D       0

TOTAL           Name                               Link     Load   Length     Space
        CLASS   STACK          

        CLASS   CODE           
                intcode                               8        8       7A         0
                init                                 82       82        4         0
                reset_vec                             0        0        4         0
                text20                             172C     172C       1C         0
                text19                             15F2     15F2       40         0
                text17                             1748     1748       18         0
                text16                             1774     1774       12         0
                text15                             141A     141A       92         0
                text14                             14AC     14AC       82         0
                text13                             152E     152E       66         0
                text12                             168C     168C       26         0
                text11                             16F2     16F2       1E         0
                text10                             103A     103A      2CC         0
                text9                              1306     1306      114         0
                text8                              1632     1632       2E         0
                text7                              1660     1660       2C         0
                text6                              1760     1760       14         0
                text5                              179E     179E        6         0
                text4                              1786     1786       10         0
                text3                              1796     1796        8         0
                text2                              1710     1710       1C         0
                text1                              16B2     16B2       22         0
                text0                              1594     1594       5E         0
                cinit                              16D4     16D4       1E         0

        CLASS   CONST          

        CLASS   SMALLCONST     
                smallconst                         1000     1000       3A         0

        CLASS   MEDIUMCONST    

        CLASS   COMRAM         
                temp                                 4C       4C        1         1
                cstackCOMRAM                          1        1       3D         1
                bssCOMRAM                            3E       3E        E         1

        CLASS   ABS1           

        CLASS   BIGRAM         

        CLASS   RAM            

        CLASS   BANK0          
                cstackBANK0                          60       60       13         1
                bssBANK0                             73       73        1         1

        CLASS   BANK1          

        CLASS   BANK2          

        CLASS   BANK3          

        CLASS   BANK4          

        CLASS   BANK5          

        CLASS   BANK6          

        CLASS   BANK7          

        CLASS   BANK8          

        CLASS   BANK9          

        CLASS   BANK10         

        CLASS   BANK11         

        CLASS   BANK12         

        CLASS   BANK13         

        CLASS   BANK14         

        CLASS   BANK15         

        CLASS   SFR            

        CLASS   FARRAM         

        CLASS   CONFIG         
                config                           300000   300000        E         0

        CLASS   IDLOC          
                idloc                            200000   200000        8         0

        CLASS   EEDATA         



SEGMENTS        Name                           Load    Length   Top    Selector   Space  Class

                reset_vec                      000000  000004  000004         0       0  CODE    
                cstackCOMRAM                   000001  00004C  00004D         1       1  COMRAM  
                intcode                        000008  00007E  000086         4       0  CODE    
                cstackBANK0                    000060  000014  000074        60       1  BANK0   
                smallconst                     001000  00003A  00103A       800       0  SMALLCON
                text10                         00103A  00076A  0017A4       81D       0  CODE    
                idloc                          200000  000008  200008    200000       0  IDLOC   
                config                         300000  00000E  30000E    300000       0  CONFIG  


UNUSED ADDRESS RANGES

        Name                Unused          Largest block    Delta
        BANK0            000074-0000FF               8C
        BANK1            000100-0001FF              100
        BANK10           000A00-000AFF              100
        BANK11           000B00-000BFF              100
        BANK12           000C00-000CFF              100
        BANK13           000D00-000DFF              100
        BANK14           000E00-000EFF              100
        BANK15           000F00-000F37               38
        BANK2            000200-0002FF              100
        BANK3            000300-0003FF              100
        BANK4            000400-0004FF              100
        BANK5            000500-0005FF              100
        BANK6            000600-0006FF              100
        BANK7            000700-0007FF              100
        BANK8            000800-0008FF              100
        BANK9            000900-0009FF              100
        BIGRAM           00004D-00005F               13
                         000074-000F37              EC4
        CODE             000004-000007                4
                         000086-000FFF              F7A
                         0017A4-00FC00             E45D
        COMRAM           00004D-00005F               13
        CONST            000004-000007                4
                         000086-000FFF              F7A
                         0017A4-00FC00             E45D
        EEDATA           F00000-F003FF              400
        MEDIUMCONST      0017A4-00FC00             E45D
        RAM              000074-000F37              100
        SFR              000F38-000FFF               28
        SMALLCONST       0017A4-00FC00              100
        STACK            000074-000F37              EC4

                                  Symbol Table

?___lldiv                              cstackCOMRAM 000013
?___llmod                              cstackCOMRAM 000020
?___wmul                               cstackCOMRAM 000013
?_sprintf                              cstackCOMRAM 000029
Display_ExibeNumero@Contagem           cstackBANK0  00006C
Display_ExibeNumero@Numero             cstackCOMRAM 000035
Display_ExibeNumero@i                  cstackBANK0  000072
Display_Inicializacao@Digito           cstackCOMRAM 000016
Display_Inicializacao@Valor            cstackCOMRAM 000017
Display_LigaDigito@Digito              cstackCOMRAM 000014
Display_LigaDigito@Valor               cstackCOMRAM 000015
Latch_EscreveValor@Valor               cstackCOMRAM 000013
Latch_Inicializacao@Valor              cstackCOMRAM 000014
Timer0_CarregaValor@ValorDeCarga       cstackCOMRAM 000013
_ANSELA                                (abs)        000F38
_ANSELB                                (abs)        000F39
_ANSELDbits                            (abs)        000F3B
_Converte_Bcd_7seg                     smallconst   001029
_Ctrl_Timer0                           bssCOMRAM    000047
_Display_ExecutaVarredura              text15       00141A
_Display_ExibeNumero                   text9        001306
_Display_InicializaVarredura           text7        001660
_Display_Inicializacao                 text6        001760
_Display_LigaDigito                    text16       001774
_Eventos1s                             bssBANK0     000073
_Habilita_Interrupcoes                 text5        00179E
_INTCONbits                            (abs)        000FF2
_InterrupcoesDeAltaPrioridade          intcode      000008
_LATB                                  (abs)        000F8A
_LATDbits                              (abs)        000F8C
_Latch_EscreveValor                    text17       001748
_Latch_Inicializacao                   text8        001632
_OSCCONbits                            (abs)        000FD3
_OSCTUNEbits                           (abs)        000F9B
_Oscilador_Inicializacao               text4        001786
_T0CON                                 (abs)        000FD5
_T0CONbits                             (abs)        000FD5
_T0IE                                  (abs)        007F95
_T0IF                                  (abs)        007F92
_TMR0H                                 (abs)        000FD7
_TMR0L                                 (abs)        000FD6
_TRISB                                 (abs)        000F93
_TRISDbits                             (abs)        000F95
_Teclado_Inicializacao                 text3        001796
_Timer0_CarregaValor                   text2        001710
_Timer0_Inicializacao                  text1        0016B2
_Timer0_Interrupcao                    text19       0015F2
_Varredura                             bssCOMRAM    00003E
__CFG_BOREN$SBORDIS                    (abs)        000000
__CFG_BORV$285                         (abs)        000000
__CFG_CCP2MX$PORTC1                    (abs)        000000
__CFG_CCP3MX$PORTB5                    (abs)        000000
__CFG_CP0$OFF                          (abs)        000000
__CFG_CP1$OFF                          (abs)        000000
__CFG_CP2$OFF                          (abs)        000000
__CFG_CP3$OFF                          (abs)        000000
__CFG_CPB$OFF                          (abs)        000000
__CFG_CPD$OFF                          (abs)        000000
__CFG_EBTR0$OFF                        (abs)        000000
__CFG_EBTR1$OFF                        (abs)        000000
__CFG_EBTR2$OFF                        (abs)        000000
__CFG_EBTR3$OFF                        (abs)        000000
__CFG_EBTRB$OFF                        (abs)        000000
__CFG_FCMEN$OFF                        (abs)        000000
__CFG_FOSC$INTIO67                     (abs)        000000
__CFG_HFOFST$ON                        (abs)        000000
__CFG_IESO$OFF                         (abs)        000000
__CFG_LVP$OFF                          (abs)        000000
__CFG_MCLRE$EXTMCLR                    (abs)        000000
__CFG_P2BMX$PORTD2                     (abs)        000000
__CFG_PBADEN$ON                        (abs)        000000
__CFG_PWRTEN$OFF                       (abs)        000000
__CFG_STVREN$ON                        (abs)        000000
__CFG_T3CMX$PORTC0                     (abs)        000000
__CFG_WDTEN$OFF                        (abs)        000000
__CFG_WDTPS$32768                      (abs)        000000
__CFG_WRT0$OFF                         (abs)        000000
__CFG_WRT1$OFF                         (abs)        000000
__CFG_WRT2$OFF                         (abs)        000000
__CFG_WRT3$OFF                         (abs)        000000
__CFG_WRTB$OFF                         (abs)        000000
__CFG_WRTC$OFF                         (abs)        000000
__CFG_WRTD$OFF                         (abs)        000000
__CFG_XINST$OFF                        (abs)        000000
__HRAM                                 (abs)        000000
__Habs1                                abs1         000000
__Hbank0                               bank0        000000
__Hbank1                               bank1        000000
__Hbank10                              bank10       000000
__Hbank11                              bank11       000000
__Hbank12                              bank12       000000
__Hbank13                              bank13       000000
__Hbank14                              bank14       000000
__Hbank15                              bank15       000000
__Hbank2                               bank2        000000
__Hbank3                               bank3        000000
__Hbank4                               bank4        000000
__Hbank5                               bank5        000000
__Hbank6                               bank6        000000
__Hbank7                               bank7        000000
__Hbank8                               bank8        000000
__Hbank9                               bank9        000000
__Hbigbss                              bigbss       000000
__Hbigdata                             bigdata      000000
__Hbigram                              bigram       000000
__Hbss                                 bss          000000
__HbssBANK0                            bssBANK0     000000
__HbssCOMRAM                           bssCOMRAM    000000
__Hcinit                               cinit        000000
__Hclrtext                             clrtext      000000
__Hcomram                              comram       000000
__Hconfig                              config       30000E
__Hconst                               const        000000
__HcstackBANK0                         cstackBANK0  000000
__HcstackCOMRAM                        cstackCOMRAM 000000
__Hdata                                data         000000
__Heeprom_data                         eeprom_data  000000
__Hfarbss                              farbss       000000
__Hfardata                             fardata      000000
__Hibigdata                            ibigdata     000000
__Hidata                               idata        000000
__Hidloc                               idloc        200008
__Hifardata                            ifardata     000000
__Hinit                                init         000086
__Hintcode                             intcode      000082
__Hintcode_body                        intcode_body 000000
__Hintcodelo                           intcodelo    000082
__Hintentry                            intentry     000000
__Hintret                              intret       000000
__Hintsave_regs                        intsave_regs 000000
__Hirdata                              irdata       000000
__Hmediumconst                         mediumconst  000000
__HnvFARRAM                            nvFARRAM     000000
__Hnvbit                               nvbit        000000
__Hnvrram                              nvrram       000000
__Hparam                               rparam       000000
__Hpowerup                             powerup      000082
__Hram                                 ram          000000
__Hramtop                              ramtop       001000
__Hrbit                                rbit         000000
__Hrbss                                rbss         000000
__Hrdata                               rdata        000000
__Hreset_vec                           reset_vec    000004
__Hrparam                              rparam       000000
__Hsfr                                 sfr          000000
__Hsmallconst                          smallconst   00103A
__Hspace_0                             (abs)        30000E
__Hspace_1                             (abs)        000074
__Hspace_2                             (abs)        000000
__Hstack                               stack        000000
__Hstruct                              struct       000000
__Htemp                                temp         00004D
__Htext                                text         000000
__Htext0                               text0        000000
__Htext1                               text1        000000
__Htext10                              text10       000000
__Htext11                              text11       000000
__Htext12                              text12       000000
__Htext13                              text13       000000
__Htext14                              text14       000000
__Htext15                              text15       000000
__Htext16                              text16       000000
__Htext17                              text17       000000
__Htext19                              text19       000000
__Htext2                               text2        000000
__Htext20                              text20       000000
__Htext3                               text3        000000
__Htext4                               text4        000000
__Htext5                               text5        000000
__Htext6                               text6        000000
__Htext7                               text7        000000
__Htext8                               text8        000000
__Htext9                               text9        000000
__LRAM                                 (abs)        000001
__Labs1                                abs1         000000
__Lbank0                               bank0        000000
__Lbank1                               bank1        000000
__Lbank10                              bank10       000000
__Lbank11                              bank11       000000
__Lbank12                              bank12       000000
__Lbank13                              bank13       000000
__Lbank14                              bank14       000000
__Lbank15                              bank15       000000
__Lbank2                               bank2        000000
__Lbank3                               bank3        000000
__Lbank4                               bank4        000000
__Lbank5                               bank5        000000
__Lbank6                               bank6        000000
__Lbank7                               bank7        000000
__Lbank8                               bank8        000000
__Lbank9                               bank9        000000
__Lbigbss                              bigbss       000000
__Lbigdata                             bigdata      000000
__Lbigram                              bigram       000000
__Lbss                                 bss          000000
__LbssBANK0                            bssBANK0     000000
__LbssCOMRAM                           bssCOMRAM    000000
__Lcinit                               cinit        000000
__Lclrtext                             clrtext      000000
__Lcomram                              comram       000000
__Lconfig                              config       300000
__Lconst                               const        000000
__LcstackBANK0                         cstackBANK0  000000
__LcstackCOMRAM                        cstackCOMRAM 000000
__Ldata                                data         000000
__Leeprom_data                         eeprom_data  000000
__Lfarbss                              farbss       000000
__Lfardata                             fardata      000000
__Libigdata                            ibigdata     000000
__Lidata                               idata        000000
__Lidloc                               idloc        200000
__Lifardata                            ifardata     000000
__Linit                                init         000082
__Lintcode                             intcode      000008
__Lintcode_body                        intcode_body 000000
__Lintcodelo                           intcodelo    000082
__Lintentry                            intentry     000000
__Lintret                              intret       000000
__Lintsave_regs                        intsave_regs 000000
__Lirdata                              irdata       000000
__Lmediumconst                         mediumconst  000000
__LnvFARRAM                            nvFARRAM     000000
__Lnvbit                               nvbit        000000
__Lnvrram                              nvrram       000000
__Lparam                               rparam       000000
__Lpowerup                             powerup      000082
__Lram                                 ram          000000
__Lramtop                              ramtop       001000
__Lrbit                                rbit         000000
__Lrbss                                rbss         000000
__Lrdata                               rdata        000000
__Lreset_vec                           reset_vec    000000
__Lrparam                              rparam       000000
__Lsfr                                 sfr          000000
__Lsmallconst                          smallconst   001000
__Lspace_0                             (abs)        000000
__Lspace_1                             (abs)        000000
__Lspace_2                             (abs)        000000
__Lstack                               stack        000000
__Lstruct                              struct       000000
__Ltemp                                temp         00004C
__Ltext                                text         000000
__Ltext0                               text0        000000
__Ltext1                               text1        000000
__Ltext10                              text10       000000
__Ltext11                              text11       000000
__Ltext12                              text12       000000
__Ltext13                              text13       000000
__Ltext14                              text14       000000
__Ltext15                              text15       000000
__Ltext16                              text16       000000
__Ltext17                              text17       000000
__Ltext19                              text19       000000
__Ltext2                               text2        000000
__Ltext20                              text20       000000
__Ltext3                               text3        000000
__Ltext4                               text4        000000
__Ltext5                               text5        000000
__Ltext6                               text6        000000
__Ltext7                               text7        000000
__Ltext8                               text8        000000
__Ltext9                               text9        000000
__S0                                   (abs)        30000E
__S1                                   (abs)        000074
__S2                                   (abs)        000000
___inthi_sp                            stack        000000
___intlo_sp                            stack        000000
___lldiv                               text14       0014AC
___lldiv@counter                       cstackCOMRAM 00001F
___lldiv@dividend                      cstackCOMRAM 000013
___lldiv@divisor                       cstackCOMRAM 000017
___lldiv@quotient                      cstackCOMRAM 00001B
___llmod                               text13       00152E
___llmod@counter                       cstackCOMRAM 000028
___llmod@dividend                      cstackCOMRAM 000020
___llmod@divisor                       cstackCOMRAM 000024
___param_bank                          (abs)        000000
___rparam_used                         (abs)        000001
___sp                                  stack        000000
___wmul                                text12       00168C
___wmul@multiplicand                   cstackCOMRAM 000015
___wmul@multiplier                     cstackCOMRAM 000013
___wmul@product                        cstackCOMRAM 000017
__accesstop                            (abs)        000060
__activetblptr                         (abs)        000002
__end_of_Converte_Bcd_7seg             smallconst   001033
__end_of_Display_ExecutaVarredura      text15       0014AC
__end_of_Display_ExibeNumero           text9        00141A
__end_of_Display_InicializaVarredura   text7        00168C
__end_of_Display_Inicializacao         text6        001774
__end_of_Display_LigaDigito            text16       001786
__end_of_Habilita_Interrupcoes         text5        0017A4
__end_of_InterrupcoesDeAltaPrioridade  intcode      000082
__end_of_Latch_EscreveValor            text17       001760
__end_of_Latch_Inicializacao           text8        001660
__end_of_Oscilador_Inicializacao       text4        001796
__end_of_Teclado_Inicializacao         text3        00179E
__end_of_Timer0_CarregaValor           text2        00172C
__end_of_Timer0_Inicializacao          text1        0016D4
__end_of_Timer0_Interrupcao            text19       001632
__end_of___lldiv                       text14       00152E
__end_of___llmod                       text13       001594
__end_of___wmul                        text12       0016B2
__end_of__initialization               cinit        0016E4
__end_of_dpowers                       smallconst   001029
__end_of_isdigit                       text11       001710
__end_of_main                          text0        0015F2
__end_of_sprintf                       text10       001306
__end_ofi2_Timer0_CarregaValor         text20       001748
__initialization                       cinit        0016D4
__mediumconst                          mediumconst  000000
__pbssBANK0                            bssBANK0     000073
__pbssCOMRAM                           bssCOMRAM    00003E
__pcinit                               cinit        0016D4
__pcstackBANK0                         cstackBANK0  000060
__pcstackCOMRAM                        cstackCOMRAM 000001
__pintcode                             intcode      000008
__psmallconst                          smallconst   001000
__ptext0                               text0        001594
__ptext1                               text1        0016B2
__ptext10                              text10       00103A
__ptext11                              text11       0016F2
__ptext12                              text12       00168C
__ptext13                              text13       00152E
__ptext14                              text14       0014AC
__ptext15                              text15       00141A
__ptext16                              text16       001774
__ptext17                              text17       001748
__ptext19                              text19       0015F2
__ptext2                               text2        001710
__ptext20                              text20       00172C
__ptext3                               text3        001796
__ptext4                               text4        001786
__ptext5                               text5        00179E
__ptext6                               text6        001760
__ptext7                               text7        001660
__ptext8                               text8        001632
__ptext9                               text9        001306
__ramtop                               ramtop       001000
__size_of_Display_ExecutaVarredura     (abs)        000000
__size_of_Display_ExibeNumero          (abs)        000000
__size_of_Display_InicializaVarredura  (abs)        000000
__size_of_Display_Inicializacao        (abs)        000000
__size_of_Display_LigaDigito           (abs)        000000
__size_of_Habilita_Interrupcoes        (abs)        000000
__size_of_InterrupcoesDeAltaPrioridade (abs)        000000
__size_of_Latch_EscreveValor           (abs)        000000
__size_of_Latch_Inicializacao          (abs)        000000
__size_of_Oscilador_Inicializacao      (abs)        000000
__size_of_Teclado_Inicializacao        (abs)        000000
__size_of_Timer0_CarregaValor          (abs)        000000
__size_of_Timer0_Inicializacao         (abs)        000000
__size_of_Timer0_Interrupcao           (abs)        000000
__size_of___lldiv                      (abs)        000000
__size_of___llmod                      (abs)        000000
__size_of___wmul                       (abs)        000000
__size_of_isdigit                      (abs)        000000
__size_of_main                         (abs)        000000
__size_of_sprintf                      (abs)        000000
__size_ofi2_Timer0_CarregaValor        (abs)        000000
__smallconst                           smallconst   001000
_dpowers                               smallconst   001001
_isdigit                               text11       0016F2
_isdigit$839                           cstackCOMRAM 000014
_main                                  text0        001594
_sprintf                               text10       00103A
btemp                                  temp         00004C
end_of_initialization                  cinit        0016E4
i2Timer0_CarregaValor@ValorDeCarga     cstackCOMRAM 000001
i2_Timer0_CarregaValor                 text20       00172C
int$flags                              temp         00004C
intlevel0                              text         000000
intlevel1                              text         000000
intlevel2                              text         000000
intlevel3                              text         000000
isdigit@c                              cstackCOMRAM 000015
main@numero                            cstackCOMRAM 00003A
sprintf@ap                             cstackBANK0  000067
sprintf@c                              cstackBANK0  00006B
sprintf@f                              cstackCOMRAM 00002B
sprintf@flag                           cstackBANK0  000060
sprintf@prec                           cstackBANK0  000061
sprintf@sp                             cstackCOMRAM 000029
sprintf@val                            cstackBANK0  000063
sprintf@width                          cstackBANK0  000069
stackhi                                (abs)        000F37
stacklo                                (abs)        000074
start                                  init         000082
start_initialization                   cinit        0016D4


FUNCTION INFORMATION:

 *************** function _main *****************
 Defined at:
		line 16 in file "App.c"
 Parameters:    Size  Location     Type
		None
 Auto vars:     Size  Location     Type
  numero          4   57[COMRAM] unsigned long 
 Return value:  Size  Location     Type
                  1    wreg      void 
 Registers used:
		wreg, fsr2l, fsr2h, status,2, status,0, tblptrl, tblptrh, tblptru, prodl, prodh, cstack
 Tracked objects:
		On entry : 
		On exit  : 
		Unchanged: 
 Data sizes:     COMRAM   BANK0   BANK1   BANK2   BANK3   BANK4   BANK5   BANK6   BANK7   BANK8   BANK9  BANK10  BANK11  BANK12  BANK13  BANK14  BANK15
      Params:         0       0       0       0       0       0       0       0       0       0       0       0       0       0       0       0       0
      Locals:         4       0       0       0       0       0       0       0       0       0       0       0       0       0       0       0       0
      Temps:          0       0       0       0       0       0       0       0       0       0       0       0       0       0       0       0       0
      Totals:         4       0       0       0       0       0       0       0       0       0       0       0       0       0       0       0       0
Total ram usage:        4 bytes
 Hardware stack levels required when called:    6
 This function calls:
		_Display_ExecutaVarredura
		_Display_ExibeNumero
		_Display_InicializaVarredura
		_Display_Inicializacao
		_Habilita_Interrupcoes
		_Oscilador_Inicializacao
		_Teclado_Inicializacao
		_Timer0_Inicializacao
 This function is called by:
		Startup code after reset
 This function uses a non-reentrant model


 *************** function _Timer0_Inicializacao *****************
 Defined at:
		line 65 in file "Timer0.c"
 Parameters:    Size  Location     Type
		None
 Auto vars:     Size  Location     Type
		None
 Return value:  Size  Location     Type
                  1    wreg      void 
 Registers used:
		wreg, status,2, cstack
 Tracked objects:
		On entry : 
		On exit  : 
		Unchanged: 
 Data sizes:     COMRAM   BANK0   BANK1   BANK2   BANK3   BANK4   BANK5   BANK6   BANK7   BANK8   BANK9  BANK10  BANK11  BANK12  BANK13  BANK14  BANK15
      Params:         0       0       0       0       0       0       0       0       0       0       0       0       0       0       0       0       0
      Locals:         0       0       0       0       0       0       0       0       0       0       0       0       0       0       0       0       0
      Temps:          0       0       0       0       0       0       0       0       0       0       0       0       0       0       0       0       0
      Totals:         0       0       0       0       0       0       0       0       0       0       0       0       0       0       0       0       0
Total ram usage:        0 bytes
 Hardware stack levels used:    1
 Hardware stack levels required when called:    4
 This function calls:
		_Timer0_CarregaValor
 This function is called by:
		_main
 This function uses a non-reentrant model


 *************** function _Timer0_CarregaValor *****************
 Defined at:
		line 46 in file "Timer0.c"
 Parameters:    Size  Location     Type
		None
 Auto vars:     Size  Location     Type
  ValorDeCarga    4   18[COMRAM] struct .
 Return value:  Size  Location     Type
                  1    wreg      void 
 Registers used:
		wreg, status,2
 Tracked objects:
		On entry : 
		On exit  : 
		Unchanged: 
 Data sizes:     COMRAM   BANK0   BANK1   BANK2   BANK3   BANK4   BANK5   BANK6   BANK7   BANK8   BANK9  BANK10  BANK11  BANK12  BANK13  BANK14  BANK15
      Params:         0       0       0       0       0       0       0       0       0       0       0       0       0       0       0       0       0
      Locals:         4       0       0       0       0       0       0       0       0       0       0       0       0       0       0       0       0
      Temps:          0       0       0       0       0       0       0       0       0       0       0       0       0       0       0       0       0
      Totals:         4       0       0       0       0       0       0       0       0       0       0       0       0       0       0       0       0
Total ram usage:        4 bytes
 Hardware stack levels used:    1
 Hardware stack levels required when called:    3
 This function calls:
		Nothing
 This function is called by:
		_Timer0_Inicializacao
 This function uses a non-reentrant model


 *************** function _Teclado_Inicializacao *****************
 Defined at:
		line 219 in file "Base_1.c"
 Parameters:    Size  Location     Type
		None
 Auto vars:     Size  Location     Type
		None
 Return value:  Size  Location     Type
                  1    wreg      void 
 Registers used:
		wreg, status,2
 Tracked objects:
		On entry : 
		On exit  : 
		Unchanged: 
 Data sizes:     COMRAM   BANK0   BANK1   BANK2   BANK3   BANK4   BANK5   BANK6   BANK7   BANK8   BANK9  BANK10  BANK11  BANK12  BANK13  BANK14  BANK15
      Params:         0       0       0       0       0       0       0       0       0       0       0       0       0       0       0       0       0
      Locals:         0       0       0       0       0       0       0       0       0       0       0       0       0       0       0       0       0
      Temps:          0       0       0       0       0       0       0       0       0       0       0       0       0       0       0       0       0
      Totals:         0       0       0       0       0       0       0       0       0       0       0       0       0       0       0       0       0
Total ram usage:        0 bytes
 Hardware stack levels used:    1
 Hardware stack levels required when called:    3
 This function calls:
		Nothing
 This function is called by:
		_main
 This function uses a non-reentrant model


 *************** function _Oscilador_Inicializacao *****************
 Defined at:
		line 33 in file "Oscilador.c"
 Parameters:    Size  Location     Type
		None
 Auto vars:     Size  Location     Type
		None
 Return value:  Size  Location     Type
                  1    wreg      void 
 Registers used:
		wreg, status,2
 Tracked objects:
		On entry : 
		On exit  : 
		Unchanged: 
 Data sizes:     COMRAM   BANK0   BANK1   BANK2   BANK3   BANK4   BANK5   BANK6   BANK7   BANK8   BANK9  BANK10  BANK11  BANK12  BANK13  BANK14  BANK15
      Params:         0       0       0       0       0       0       0       0       0       0       0       0       0       0       0       0       0
      Locals:         0       0       0       0       0       0       0       0       0       0       0       0       0       0       0       0       0
      Temps:          0       0       0       0       0       0       0       0       0       0       0       0       0       0       0       0       0
      Totals:         0       0       0       0       0       0       0       0       0       0       0       0       0       0       0       0       0
Total ram usage:        0 bytes
 Hardware stack levels used:    1
 Hardware stack levels required when called:    3
 This function calls:
		Nothing
 This function is called by:
		_main
 This function uses a non-reentrant model


 *************** function _Habilita_Interrupcoes *****************
 Defined at:
		line 81 in file "Interrupcoes.c"
 Parameters:    Size  Location     Type
		None
 Auto vars:     Size  Location     Type
		None
 Return value:  Size  Location     Type
                  1    wreg      void 
 Registers used:
		None
 Tracked objects:
		On entry : 
		On exit  : 
		Unchanged: 
 Data sizes:     COMRAM   BANK0   BANK1   BANK2   BANK3   BANK4   BANK5   BANK6   BANK7   BANK8   BANK9  BANK10  BANK11  BANK12  BANK13  BANK14  BANK15
      Params:         0       0       0       0       0       0       0       0       0       0       0       0       0       0       0       0       0
      Locals:         0       0       0       0       0       0       0       0       0       0       0       0       0       0       0       0       0
      Temps:          0       0       0       0       0       0       0       0       0       0       0       0       0       0       0       0       0
      Totals:         0       0       0       0       0       0       0       0       0       0       0       0       0       0       0       0       0
Total ram usage:        0 bytes
 Hardware stack levels used:    1
 Hardware stack levels required when called:    3
 This function calls:
		Nothing
 This function is called by:
		_main
 This function uses a non-reentrant model


 *************** function _Display_Inicializacao *****************
 Defined at:
		line 76 in file "Base_1.c"
 Parameters:    Size  Location     Type
  Valor           1    wreg     unsigned char 
  Digito          1   21[COMRAM] unsigned char 
 Auto vars:     Size  Location     Type
  Valor           1   22[COMRAM] unsigned char 
 Return value:  Size  Location     Type
                  1    wreg      void 
 Registers used:
		wreg, status,2, cstack
 Tracked objects:
		On entry : 
		On exit  : 
		Unchanged: 
 Data sizes:     COMRAM   BANK0   BANK1   BANK2   BANK3   BANK4   BANK5   BANK6   BANK7   BANK8   BANK9  BANK10  BANK11  BANK12  BANK13  BANK14  BANK15
      Params:         1       0       0       0       0       0       0       0       0       0       0       0       0       0       0       0       0
      Locals:         1       0       0       0       0       0       0       0       0       0       0       0       0       0       0       0       0
      Temps:          0       0       0       0       0       0       0       0       0       0       0       0       0       0       0       0       0
      Totals:         2       0       0       0       0       0       0       0       0       0       0       0       0       0       0       0       0
Total ram usage:        2 bytes
 Hardware stack levels used:    1
 Hardware stack levels required when called:    5
 This function calls:
		_Display_LigaDigito
		_Latch_Inicializacao
 This function is called by:
		_main
 This function uses a non-reentrant model


 *************** function _Display_InicializaVarredura *****************
 Defined at:
		line 102 in file "Base_1.c"
 Parameters:    Size  Location     Type
		None
 Auto vars:     Size  Location     Type
		None
 Return value:  Size  Location     Type
                  1    wreg      void 
 Registers used:
		wreg, status,2, cstack
 Tracked objects:
		On entry : 
		On exit  : 
		Unchanged: 
 Data sizes:     COMRAM   BANK0   BANK1   BANK2   BANK3   BANK4   BANK5   BANK6   BANK7   BANK8   BANK9  BANK10  BANK11  BANK12  BANK13  BANK14  BANK15
      Params:         0       0       0       0       0       0       0       0       0       0       0       0       0       0       0       0       0
      Locals:         0       0       0       0       0       0       0       0       0       0       0       0       0       0       0       0       0
      Temps:          0       0       0       0       0       0       0       0       0       0       0       0       0       0       0       0       0
      Totals:         0       0       0       0       0       0       0       0       0       0       0       0       0       0       0       0       0
Total ram usage:        0 bytes
 Hardware stack levels used:    1
 Hardware stack levels required when called:    5
 This function calls:
		_Latch_Inicializacao
 This function is called by:
		_main
 This function uses a non-reentrant model


 *************** function _Latch_Inicializacao *****************
 Defined at:
		line 29 in file "Base_1.c"
 Parameters:    Size  Location     Type
  Valor           1    wreg     unsigned char 
 Auto vars:     Size  Location     Type
  Valor           1   19[COMRAM] unsigned char 
 Return value:  Size  Location     Type
                  1    wreg      void 
 Registers used:
		wreg, status,2, cstack
 Tracked objects:
		On entry : 
		On exit  : 
		Unchanged: 
 Data sizes:     COMRAM   BANK0   BANK1   BANK2   BANK3   BANK4   BANK5   BANK6   BANK7   BANK8   BANK9  BANK10  BANK11  BANK12  BANK13  BANK14  BANK15
      Params:         0       0       0       0       0       0       0       0       0       0       0       0       0       0       0       0       0
      Locals:         1       0       0       0       0       0       0       0       0       0       0       0       0       0       0       0       0
      Temps:          0       0       0       0       0       0       0       0       0       0       0       0       0       0       0       0       0
      Totals:         1       0       0       0       0       0       0       0       0       0       0       0       0       0       0       0       0
Total ram usage:        1 bytes
 Hardware stack levels used:    1
 Hardware stack levels required when called:    4
 This function calls:
		_Latch_EscreveValor
 This function is called by:
		_Display_Inicializacao
		_Display_InicializaVarredura
 This function uses a non-reentrant model


 *************** function _Display_ExibeNumero *****************
 Defined at:
		line 154 in file "Base_1.c"
 Parameters:    Size  Location     Type
  Numero          4   52[COMRAM] unsigned long 
 Auto vars:     Size  Location     Type
  Contagem        6   12[BANK0 ] unsigned char [6]
  i               1   18[BANK0 ] unsigned char 
 Return value:  Size  Location     Type
                  1    wreg      void 
 Registers used:
		wreg, fsr2l, fsr2h, status,2, status,0, tblptrl, tblptrh, tblptru, prodl, prodh, cstack
 Tracked objects:
		On entry : 
		On exit  : 
		Unchanged: 
 Data sizes:     COMRAM   BANK0   BANK1   BANK2   BANK3   BANK4   BANK5   BANK6   BANK7   BANK8   BANK9  BANK10  BANK11  BANK12  BANK13  BANK14  BANK15
      Params:         4       0       0       0       0       0       0       0       0       0       0       0       0       0       0       0       0
      Locals:         0       7       0       0       0       0       0       0       0       0       0       0       0       0       0       0       0
      Temps:          1       0       0       0       0       0       0       0       0       0       0       0       0       0       0       0       0
      Totals:         5       7       0       0       0       0       0       0       0       0       0       0       0       0       0       0       0
Total ram usage:       12 bytes
 Hardware stack levels used:    1
 Hardware stack levels required when called:    5
 This function calls:
		_sprintf
 This function is called by:
		_main
 This function uses a non-reentrant model


 *************** function _sprintf *****************
 Defined at:
		line 492 in file "C:\Program Files (x86)\Microchip\xc8\v1.42\sources\common\doprnt.c"
 Parameters:    Size  Location     Type
  sp              2   40[COMRAM] PTR unsigned char 
		 -> Display_ExibeNumero@Contagem(6), 
  f               2   42[COMRAM] PTR const unsigned char 
		 -> STR_1(5), 
 Auto vars:     Size  Location     Type
  val             4    3[BANK0 ] unsigned long 
  tmpval          4    0        struct .
  cp              3    0        PTR const unsigned char 
  width           2    9[BANK0 ] int 
  ap              2    7[BANK0 ] PTR void [1]
		 -> ?_sprintf(2), 
  prec            2    1[BANK0 ] int 
  len             2    0        unsigned int 
  c               1   11[BANK0 ] char 
  flag            1    0[BANK0 ] unsigned char 
 Return value:  Size  Location     Type
                  2   40[COMRAM] int 
 Registers used:
		wreg, fsr2l, fsr2h, status,2, status,0, tblptrl, tblptrh, tblptru, prodl, prodh, cstack
 Tracked objects:
		On entry : 
		On exit  : 
		Unchanged: 
 Data sizes:     COMRAM   BANK0   BANK1   BANK2   BANK3   BANK4   BANK5   BANK6   BANK7   BANK8   BANK9  BANK10  BANK11  BANK12  BANK13  BANK14  BANK15
      Params:         8       0       0       0       0       0       0       0       0       0       0       0       0       0       0       0       0
      Locals:         0      12       0       0       0       0       0       0       0       0       0       0       0       0       0       0       0
      Temps:          4       0       0       0       0       0       0       0       0       0       0       0       0       0       0       0       0
      Totals:        12      12       0       0       0       0       0       0       0       0       0       0       0       0       0       0       0
Total ram usage:       24 bytes
 Hardware stack levels used:    1
 Hardware stack levels required when called:    4
 This function calls:
		___lldiv
		___llmod
		___wmul
		_isdigit
 This function is called by:
		_Display_ExibeNumero
 This function uses a non-reentrant model


 *************** function _isdigit *****************
 Defined at:
		line 8 in file "C:\Program Files (x86)\Microchip\xc8\v1.42\sources\common\isdigit.c"
 Parameters:    Size  Location     Type
  c               1    wreg     unsigned char 
 Auto vars:     Size  Location     Type
  c               1   20[COMRAM] unsigned char 
 Return value:  Size  Location     Type
		None               void
 Registers used:
		wreg, status,2, status,0
 Tracked objects:
		On entry : 
		On exit  : 
		Unchanged: 
 Data sizes:     COMRAM   BANK0   BANK1   BANK2   BANK3   BANK4   BANK5   BANK6   BANK7   BANK8   BANK9  BANK10  BANK11  BANK12  BANK13  BANK14  BANK15
      Params:         0       0       0       0       0       0       0       0       0       0       0       0       0       0       0       0       0
      Locals:         2       0       0       0       0       0       0       0       0       0       0       0       0       0       0       0       0
      Temps:          1       0       0       0       0       0       0       0       0       0       0       0       0       0       0       0       0
      Totals:         3       0       0       0       0       0       0       0       0       0       0       0       0       0       0       0       0
Total ram usage:        3 bytes
 Hardware stack levels used:    1
 Hardware stack levels required when called:    3
 This function calls:
		Nothing
 This function is called by:
		_sprintf
 This function uses a non-reentrant model


 *************** function ___wmul *****************
 Defined at:
		line 15 in file "C:\Program Files (x86)\Microchip\xc8\v1.42\sources\common\Umul16.c"
 Parameters:    Size  Location     Type
  multiplier      2   18[COMRAM] unsigned int 
  multiplicand    2   20[COMRAM] unsigned int 
 Auto vars:     Size  Location     Type
  product         2   22[COMRAM] unsigned int 
 Return value:  Size  Location     Type
                  2   18[COMRAM] unsigned int 
 Registers used:
		wreg, status,2, status,0, prodl, prodh
 Tracked objects:
		On entry : 
		On exit  : 
		Unchanged: 
 Data sizes:     COMRAM   BANK0   BANK1   BANK2   BANK3   BANK4   BANK5   BANK6   BANK7   BANK8   BANK9  BANK10  BANK11  BANK12  BANK13  BANK14  BANK15
      Params:         4       0       0       0       0       0       0       0       0       0       0       0       0       0       0       0       0
      Locals:         2       0       0       0       0       0       0       0       0       0       0       0       0       0       0       0       0
      Temps:          0       0       0       0       0       0       0       0       0       0       0       0       0       0       0       0       0
      Totals:         6       0       0       0       0       0       0       0       0       0       0       0       0       0       0       0       0
Total ram usage:        6 bytes
 Hardware stack levels used:    1
 Hardware stack levels required when called:    3
 This function calls:
		Nothing
 This function is called by:
		_sprintf
 This function uses a non-reentrant model


 *************** function ___llmod *****************
 Defined at:
		line 8 in file "C:\Program Files (x86)\Microchip\xc8\v1.42\sources\common\llmod.c"
 Parameters:    Size  Location     Type
  dividend        4   31[COMRAM] unsigned long 
  divisor         4   35[COMRAM] unsigned long 
 Auto vars:     Size  Location     Type
  counter         1   39[COMRAM] unsigned char 
 Return value:  Size  Location     Type
                  4   31[COMRAM] unsigned long 
 Registers used:
		wreg, status,2, status,0
 Tracked objects:
		On entry : 
		On exit  : 
		Unchanged: 
 Data sizes:     COMRAM   BANK0   BANK1   BANK2   BANK3   BANK4   BANK5   BANK6   BANK7   BANK8   BANK9  BANK10  BANK11  BANK12  BANK13  BANK14  BANK15
      Params:         8       0       0       0       0       0       0       0       0       0       0       0       0       0       0       0       0
      Locals:         1       0       0       0       0       0       0       0       0       0       0       0       0       0       0       0       0
      Temps:          0       0       0       0       0       0       0       0       0       0       0       0       0       0       0       0       0
      Totals:         9       0       0       0       0       0       0       0       0       0       0       0       0       0       0       0       0
Total ram usage:        9 bytes
 Hardware stack levels used:    1
 Hardware stack levels required when called:    3
 This function calls:
		Nothing
 This function is called by:
		_sprintf
 This function uses a non-reentrant model


 *************** function ___lldiv *****************
 Defined at:
		line 8 in file "C:\Program Files (x86)\Microchip\xc8\v1.42\sources\common\lldiv.c"
 Parameters:    Size  Location     Type
  dividend        4   18[COMRAM] unsigned long 
  divisor         4   22[COMRAM] unsigned long 
 Auto vars:     Size  Location     Type
  quotient        4   26[COMRAM] unsigned long 
  counter         1   30[COMRAM] unsigned char 
 Return value:  Size  Location     Type
                  4   18[COMRAM] unsigned long 
 Registers used:
		wreg, status,2, status,0
 Tracked objects:
		On entry : 
		On exit  : 
		Unchanged: 
 Data sizes:     COMRAM   BANK0   BANK1   BANK2   BANK3   BANK4   BANK5   BANK6   BANK7   BANK8   BANK9  BANK10  BANK11  BANK12  BANK13  BANK14  BANK15
      Params:         8       0       0       0       0       0       0       0       0       0       0       0       0       0       0       0       0
      Locals:         5       0       0       0       0       0       0       0       0       0       0       0       0       0       0       0       0
      Temps:          0       0       0       0       0       0       0       0       0       0       0       0       0       0       0       0       0
      Totals:        13       0       0       0       0       0       0       0       0       0       0       0       0       0       0       0       0
Total ram usage:       13 bytes
 Hardware stack levels used:    1
 Hardware stack levels required when called:    3
 This function calls:
		Nothing
 This function is called by:
		_sprintf
 This function uses a non-reentrant model


 *************** function _Display_ExecutaVarredura *****************
 Defined at:
		line 123 in file "Base_1.c"
 Parameters:    Size  Location     Type
		None
 Auto vars:     Size  Location     Type
		None
 Return value:  Size  Location     Type
                  1    wreg      void 
 Registers used:
		wreg, status,2, status,0, cstack
 Tracked objects:
		On entry : 
		On exit  : 
		Unchanged: 
 Data sizes:     COMRAM   BANK0   BANK1   BANK2   BANK3   BANK4   BANK5   BANK6   BANK7   BANK8   BANK9  BANK10  BANK11  BANK12  BANK13  BANK14  BANK15
      Params:         0       0       0       0       0       0       0       0       0       0       0       0       0       0       0       0       0
      Locals:         0       0       0       0       0       0       0       0       0       0       0       0       0       0       0       0       0
      Temps:          0       0       0       0       0       0       0       0       0       0       0       0       0       0       0       0       0
      Totals:         0       0       0       0       0       0       0       0       0       0       0       0       0       0       0       0       0
Total ram usage:        0 bytes
 Hardware stack levels used:    1
 Hardware stack levels required when called:    5
 This function calls:
		_Display_LigaDigito
 This function is called by:
		_main
 This function uses a non-reentrant model


 *************** function _Display_LigaDigito *****************
 Defined at:
		line 88 in file "Base_1.c"
 Parameters:    Size  Location     Type
  Valor           1    wreg     unsigned char 
  Digito          1   19[COMRAM] unsigned char 
 Auto vars:     Size  Location     Type
  Valor           1   20[COMRAM] unsigned char 
 Return value:  Size  Location     Type
                  1    wreg      void 
 Registers used:
		wreg, status,2, cstack
 Tracked objects:
		On entry : 
		On exit  : 
		Unchanged: 
 Data sizes:     COMRAM   BANK0   BANK1   BANK2   BANK3   BANK4   BANK5   BANK6   BANK7   BANK8   BANK9  BANK10  BANK11  BANK12  BANK13  BANK14  BANK15
      Params:         1       0       0       0       0       0       0       0       0       0       0       0       0       0       0       0       0
      Locals:         1       0       0       0       0       0       0       0       0       0       0       0       0       0       0       0       0
      Temps:          0       0       0       0       0       0       0       0       0       0       0       0       0       0       0       0       0
      Totals:         2       0       0       0       0       0       0       0       0       0       0       0       0       0       0       0       0
Total ram usage:        2 bytes
 Hardware stack levels used:    1
 Hardware stack levels required when called:    4
 This function calls:
		_Latch_EscreveValor
 This function is called by:
		_Display_Inicializacao
		_Display_ExecutaVarredura
 This function uses a non-reentrant model


 *************** function _Latch_EscreveValor *****************
 Defined at:
		line 58 in file "Base_1.c"
 Parameters:    Size  Location     Type
  Valor           1    wreg     unsigned char 
 Auto vars:     Size  Location     Type
  Valor           1   18[COMRAM] unsigned char 
 Return value:  Size  Location     Type
                  1    wreg      void 
 Registers used:
		wreg, status,2
 Tracked objects:
		On entry : 
		On exit  : 
		Unchanged: 
 Data sizes:     COMRAM   BANK0   BANK1   BANK2   BANK3   BANK4   BANK5   BANK6   BANK7   BANK8   BANK9  BANK10  BANK11  BANK12  BANK13  BANK14  BANK15
      Params:         0       0       0       0       0       0       0       0       0       0       0       0       0       0       0       0       0
      Locals:         1       0       0       0       0       0       0       0       0       0       0       0       0       0       0       0       0
      Temps:          0       0       0       0       0       0       0       0       0       0       0       0       0       0       0       0       0
      Totals:         1       0       0       0       0       0       0       0       0       0       0       0       0       0       0       0       0
Total ram usage:        1 bytes
 Hardware stack levels used:    1
 Hardware stack levels required when called:    3
 This function calls:
		Nothing
 This function is called by:
		_Latch_Inicializacao
		_Display_LigaDigito
 This function uses a non-reentrant model


 *************** function _InterrupcoesDeAltaPrioridade *****************
 Defined at:
		line 101 in file "Interrupcoes.c"
 Parameters:    Size  Location     Type
		None
 Auto vars:     Size  Location     Type
		None
 Return value:  Size  Location     Type
                  1    wreg      void 
 Registers used:
		wreg, status,2, status,0, cstack
 Tracked objects:
		On entry : 
		On exit  : 
		Unchanged: 
 Data sizes:     COMRAM   BANK0   BANK1   BANK2   BANK3   BANK4   BANK5   BANK6   BANK7   BANK8   BANK9  BANK10  BANK11  BANK12  BANK13  BANK14  BANK15
      Params:         0       0       0       0       0       0       0       0       0       0       0       0       0       0       0       0       0
      Locals:         0       0       0       0       0       0       0       0       0       0       0       0       0       0       0       0       0
      Temps:         14       0       0       0       0       0       0       0       0       0       0       0       0       0       0       0       0
      Totals:        14       0       0       0       0       0       0       0       0       0       0       0       0       0       0       0       0
Total ram usage:       14 bytes
 Hardware stack levels used:    1
 Hardware stack levels required when called:    2
 This function calls:
		_Timer0_Interrupcao
 This function is called by:
		Interrupt level 2
 This function uses a non-reentrant model


 *************** function _Timer0_Interrupcao *****************
 Defined at:
		line 89 in file "Timer0.c"
 Parameters:    Size  Location     Type
		None
 Auto vars:     Size  Location     Type
		None
 Return value:  Size  Location     Type
                  1    wreg      void 
 Registers used:
		wreg, status,2, status,0, cstack
 Tracked objects:
		On entry : 
		On exit  : 
		Unchanged: 
 Data sizes:     COMRAM   BANK0   BANK1   BANK2   BANK3   BANK4   BANK5   BANK6   BANK7   BANK8   BANK9  BANK10  BANK11  BANK12  BANK13  BANK14  BANK15
      Params:         0       0       0       0       0       0       0       0       0       0       0       0       0       0       0       0       0
      Locals:         0       0       0       0       0       0       0       0       0       0       0       0       0       0       0       0       0
      Temps:          0       0       0       0       0       0       0       0       0       0       0       0       0       0       0       0       0
      Totals:         0       0       0       0       0       0       0       0       0       0       0       0       0       0       0       0       0
Total ram usage:        0 bytes
 Hardware stack levels used:    1
 Hardware stack levels required when called:    1
 This function calls:
		i2_Timer0_CarregaValor
 This function is called by:
		_InterrupcoesDeAltaPrioridade
 This function uses a non-reentrant model


 *************** function i2_Timer0_CarregaValor *****************
 Defined at:
		line 46 in file "Timer0.c"
 Parameters:    Size  Location     Type
		None
 Auto vars:     Size  Location     Type
  Timer0_Carre    4    0[COMRAM] struct .
 Return value:  Size  Location     Type
                  1    wreg      void 
 Registers used:
		wreg, status,2
 Tracked objects:
		On entry : 
		On exit  : 
		Unchanged: 
 Data sizes:     COMRAM   BANK0   BANK1   BANK2   BANK3   BANK4   BANK5   BANK6   BANK7   BANK8   BANK9  BANK10  BANK11  BANK12  BANK13  BANK14  BANK15
      Params:         0       0       0       0       0       0       0       0       0       0       0       0       0       0       0       0       0
      Locals:         4       0       0       0       0       0       0       0       0       0       0       0       0       0       0       0       0
      Temps:          0       0       0       0       0       0       0       0       0       0       0       0       0       0       0       0       0
      Totals:         4       0       0       0       0       0       0       0       0       0       0       0       0       0       0       0       0
Total ram usage:        4 bytes
 Hardware stack levels used:    1
 This function calls:
		Nothing
 This function is called by:
		_Timer0_Interrupcao
 This function uses a non-reentrant model



MODULE INFORMATION

Module		Function		Class		Link	Load	Size
Interrupcoes.c
		_Habilita_Interrupcoes		CODE           	179E	0000	7
		_InterrupcoesDeAltaPrioridade		CODE           	0008	0000	123

Interrupcoes.c estimated size: 130

C:\Program Files (x86)\Microchip\xc8\v1.42\sources\common\lldiv.c
		___lldiv       		CODE           	14AC	0000	131

C:\Program Files (x86)\Microchip\xc8\v1.42\sources\common\lldiv.c estimated size: 131

Oscilador.c
		_Oscilador_Inicializacao		CODE           	1786	0000	17

Oscilador.c estimated size: 17

Base_1.c
		_Display_Inicializacao		CODE           	1760	0000	21
		_Latch_EscreveValor		CODE           	1748	0000	25
		_Display_ExibeNumero		CODE           	1306	0000	277
		_Latch_Inicializacao		CODE           	1632	0000	47
		_Teclado_Inicializacao		CODE           	1796	0000	9
		_Display_LigaDigito		CODE           	1774	0000	19
		_Display_InicializaVarredura		CODE           	1660	0000	45
		_Display_ExecutaVarredura		CODE           	141A	0000	147

Base_1.c estimated size: 590

C:\Program Files (x86)\Microchip\xc8\v1.42\sources\common\isdigit.c
		_isdigit       		CODE           	16F2	0000	31

C:\Program Files (x86)\Microchip\xc8\v1.42\sources\common\isdigit.c estimated size: 31

shared
		i2_Timer0_CarregaValor		CODE           	172C	0000	29
		_dpowers       		SMALLCONST     	1001	0000	41
		__initialization		CODE           	16D4	0000	17
		_Converte_Bcd_7seg		SMALLCONST     	1029	0000	11

shared estimated size: 98

Timer0.c
		_Timer0_Inicializacao		CODE           	16B2	0000	35
		_Timer0_CarregaValor		CODE           	1710	0000	29
		_Timer0_Interrupcao		CODE           	15F2	0000	65

Timer0.c estimated size: 129

C:\Program Files (x86)\Microchip\xc8\v1.42\sources\common\doprnt.c
		_sprintf       		CODE           	103A	0000	717

C:\Program Files (x86)\Microchip\xc8\v1.42\sources\common\doprnt.c estimated size: 717

App.c
		_main          		CODE           	1594	0000	95

App.c estimated size: 95

C:\Program Files (x86)\Microchip\xc8\v1.42\sources\common\llmod.c
		___llmod       		CODE           	152E	0000	103

C:\Program Files (x86)\Microchip\xc8\v1.42\sources\common\llmod.c estimated size: 103

C:\Program Files (x86)\Microchip\xc8\v1.42\sources\common\Umul16.c
		___wmul        		CODE           	168C	0000	39

C:\Program Files (x86)\Microchip\xc8\v1.42\sources\common\Umul16.c estimated size: 39

